"Input data contained:"
,"166 terminal taxa"
,"5 input data files"
,"5 character blocks"
,"5 total characters"

"Terminal taxa:"
" ","Eucarida_Decapoda_Dendrobranchiata_Penaeoidea_Aristeidae_Aristeomorpha_foliacea_NC_039153","Eucarida_Decapoda_Dendrobranchiata_Penaeoidea_Aristeidae_Aristeus_virilis_NC_039154","Eucarida_Decapoda_Dendrobranchiata_Penaeoidea_Benthesicymidae_Benthonectes_filipes_NC_039171","Eucarida_Decapoda_Dendrobranchiata_Penaeoidea_Penaeidae_Metapenaeopsis_barbata_MG833230","Eucarida_Decapoda_Dendrobranchiata_Penaeoidea_Penaeidae_Metapenaeopsis_dalei_NC_029457","Eucarida_Decapoda_Dendrobranchiata_Penaeoidea_Penaeidae_Metapenaeus_affinis_NC_039179","Eucarida_Decapoda_Dendrobranchiata_Penaeoidea_Penaeidae_Metapenaeus_ensis_NC_026834","Eucarida_Decapoda_Dendrobranchiata_Penaeoidea_Penaeidae_Parapenaeopsis_hardwickii_KU899136","Eucarida_Decapoda_Dendrobranchiata_Penaeoidea_Penaeidae_Parapenaeopsis_hungerfordi_NC_038069","Eucarida_Decapoda_Dendrobranchiata_Penaeoidea_Penaeidae_Penaeus_californiensis_NC_012738"
" ","Eucarida_Decapoda_Dendrobranchiata_Penaeoidea_Penaeidae_Penaeus_chinensis_NC_009679","Eucarida_Decapoda_Dendrobranchiata_Penaeoidea_Penaeidae_Penaeus_indicus_NC_031366","Eucarida_Decapoda_Dendrobranchiata_Penaeoidea_Penaeidae_Penaeus_merguiensis_NC_026884","Eucarida_Decapoda_Dendrobranchiata_Penaeoidea_Penaeidae_Penaeus_monodon_NC_002184","Eucarida_Decapoda_Dendrobranchiata_Penaeoidea_Penaeidae_Penaeus_penicillatus_NC_026885","Eucarida_Decapoda_Dendrobranchiata_Penaeoidea_Penaeidae_Penaeus_stylirostris_NC_012060","Eucarida_Decapoda_Dendrobranchiata_Penaeoidea_Penaeidae_Penaeus_vannamei_NC_009626","Eucarida_Decapoda_Dendrobranchiata_Penaeoidea_Sicyoniidae_Sicyonia_lancifer_NC_039168","Eucarida_Decapoda_Dendrobranchiata_Penaeoidea_Solenoceridae_Hymenopenaeus_neptunus_NC_039169","Eucarida_Decapoda_Dendrobranchiata_Penaeoidea_Solenoceridae_Pleoticus_muelleri_NC_039964"
" ","Eucarida_Decapoda_Dendrobranchiata_Penaeoidea_Solenoceridae_Solenocera_crassicornis_NC_030280","Eucarida_Decapoda_Dendrobranchiata_Sergestoidea_Luciferidae_Belzebub_intermedius_NC_039641","Eucarida_Decapoda_Dendrobranchiata_Sergestoidea_Sergestidae_Acetes_chinensis_NC_017600","Eucarida_Decapoda_Dendrobranchiata_Sergestoidea_Sergestidae_Sergia_lucens_NC_037043","Eucarida_Decapoda_Pleocyemata_Achelata_Palinuroidea_Palinuridae_Panulirus_argus_NC_039671","Eucarida_Decapoda_Pleocyemata_Achelata_Palinuroidea_Palinuridae_Panulirus_cygnus_NC_028024","Eucarida_Decapoda_Pleocyemata_Achelata_Palinuroidea_Palinuridae_Panulirus_homarus_NC_016015","Eucarida_Decapoda_Pleocyemata_Achelata_Palinuroidea_Palinuridae_Panulirus_japonicus_NC_004251","Eucarida_Decapoda_Pleocyemata_Achelata_Palinuroidea_Palinuridae_Panulirus_ornatus_NC_014854","Eucarida_Decapoda_Pleocyemata_Achelata_Palinuroidea_Palinuridae_Panulirus_stimpsoni_NC_014339"
" ","Eucarida_Decapoda_Pleocyemata_Achelata_Palinuroidea_Palinuridae_Sagmariasus_verreauxi_NC_022736","Eucarida_Decapoda_Pleocyemata_Achelata_Palinuroidea_Scyllaridae_Ibacus_ciliatus_NC_025581","Eucarida_Decapoda_Pleocyemata_Achelata_Palinuroidea_Scyllaridae_Scyllarides_latus_NC_020022","Eucarida_Decapoda_Pleocyemata_Achelata_Palinuroidea_Scyllaridae_Thenus_orientalis_NC_024440","Eucarida_Decapoda_Pleocyemata_Achelata_Palinuroidea_Synaxidae_Palinurellus_wieneckii_NC_021753","Eucarida_Decapoda_Pleocyemata_Anomura_Paguroidea_Lithodidae_Paralithodes_camtschaticus_NC_020029","Eucarida_Decapoda_Pleocyemata_Anomura_Paguroidea_Paguridae_Pagurus_filholi_LC222528","Eucarida_Decapoda_Pleocyemata_Anomura_Paguroidea_Paguridae_Pagurus_japonicus_LC222532","Eucarida_Decapoda_Pleocyemata_Anomura_Paguroidea_Paguridae_Pagurus_longicarpus_NC_003058","Eucarida_Decapoda_Pleocyemata_Anomura_Paguroidea_Paguridae_Pagurus_minutus_LC222533"
" ","Eucarida_Decapoda_Pleocyemata_Astacidea_Astacoidea_Astacidae_Austropotamobius_pallipes_NC_026560","Eucarida_Decapoda_Pleocyemata_Astacidea_Astacoidea_Astacidae_Austropotamobius_torrentium_NC_033504","Eucarida_Decapoda_Pleocyemata_Astacidea_Astacoidea_Astacidae_Pacifastacus_leniusculus_NC_033509","Eucarida_Decapoda_Pleocyemata_Astacidea_Astacoidea_Cambaridae_Cambaroides_dauricus_NC_033505","Eucarida_Decapoda_Pleocyemata_Astacidea_Astacoidea_Cambaridae_Cambaroides_japonicus_NC_033506","Eucarida_Decapoda_Pleocyemata_Astacidea_Astacoidea_Cambaridae_Cambaroides_similis_NC_016925","Eucarida_Decapoda_Pleocyemata_Astacidea_Astacoidea_Cambaridae_Faxonius_limosus_NC_026561","Eucarida_Decapoda_Pleocyemata_Astacidea_Astacoidea_Cambaridae_Orconectes_Crockerinus_sanbornii_NC_029721","Eucarida_Decapoda_Pleocyemata_Astacidea_Astacoidea_Cambaridae_Orconectes_Procericambarus_luteus_NC_033508","Eucarida_Decapoda_Pleocyemata_Astacidea_Astacoidea_Cambaridae_Orconectes_Procericambarus_punctimanus_NC_030768"
" ","Eucarida_Decapoda_Pleocyemata_Astacidea_Astacoidea_Cambaridae_Orconectes_Procericambarus_rusticus_NC_029720","Eucarida_Decapoda_Pleocyemata_Astacidea_Astacoidea_Cambaridae_Procambarus_acutus_NC_033510","Eucarida_Decapoda_Pleocyemata_Astacidea_Astacoidea_Cambaridae_Procambarus_alleni_NC_028447","Eucarida_Decapoda_Pleocyemata_Astacidea_Astacoidea_Cambaridae_Procambarus_clarkii_NC_016926","Eucarida_Decapoda_Pleocyemata_Astacidea_Astacoidea_Cambaridae_Procambarus_fallax_NC_020021","Eucarida_Decapoda_Pleocyemata_Astacidea_Enoplometopoidea_Enoplometopidae_Enoplometopus_debelius_NC_025592","Eucarida_Decapoda_Pleocyemata_Astacidea_Nephropoidea_Nephropidae_Homarus_americanus_NC_015607","Eucarida_Decapoda_Pleocyemata_Astacidea_Nephropoidea_Nephropidae_Nephrops_norvegicus_NC_025958","Eucarida_Decapoda_Pleocyemata_Astacidea_Parastacoidea_Parastacidae_Astacopsis_gouldi_NC_026215","Eucarida_Decapoda_Pleocyemata_Astacidea_Parastacoidea_Parastacidae_Cherax_bicarinatus_NC_026226"
" ","Eucarida_Decapoda_Pleocyemata_Astacidea_Parastacoidea_Parastacidae_Cherax_boesemani_NC_026227","Eucarida_Decapoda_Pleocyemata_Astacidea_Parastacoidea_Parastacidae_Cherax_cainii_NC_022936","Eucarida_Decapoda_Pleocyemata_Astacidea_Parastacoidea_Parastacidae_Cherax_cairnsensis_NC_023481","Eucarida_Decapoda_Pleocyemata_Astacidea_Parastacoidea_Parastacidae_Cherax_crassimanus_NC_024029","Eucarida_Decapoda_Pleocyemata_Astacidea_Parastacoidea_Parastacidae_Cherax_destructor_NC_011243","Eucarida_Decapoda_Pleocyemata_Astacidea_Parastacoidea_Parastacidae_Cherax_dispar_NC_023480","Eucarida_Decapoda_Pleocyemata_Astacidea_Parastacoidea_Parastacidae_Cherax_preissii_NC_023482","Eucarida_Decapoda_Pleocyemata_Astacidea_Parastacoidea_Parastacidae_Gramastacus_lacus_NC_024295","Eucarida_Decapoda_Pleocyemata_Astacidea_Parastacoidea_Parastacidae_Paranephrops_planifrons_NC_025957","Eucarida_Decapoda_Pleocyemata_Astacidea_Parastacoidea_Parastacidae_Tenuibranchiurus_glypticus_NC_025647"
" ","Eucarida_Decapoda_Pleocyemata_Axiidea_Callianassidae_Callianassa_ceramica_NC_031154","Eucarida_Decapoda_Pleocyemata_Axiidea_Callianassidae_Corallianassa_coutierei_NC_020025","Eucarida_Decapoda_Pleocyemata_Axiidea_Callianassidae_Nihonotrypaea_harmandi_NC_034298","Eucarida_Decapoda_Pleocyemata_Axiidea_Callianassidae_Nihonotrypaea_japonica_NC_020351","Eucarida_Decapoda_Pleocyemata_Axiidea_Callianassidae_Nihonotrypaea_thermophila_NC_019610","Eucarida_Decapoda_Pleocyemata_Axiidea_Callianassidae_Trypaea_australiensis_NC_026225","Eucarida_Decapoda_Pleocyemata_Axiidea_Strahlaxiidae_Neaxius_glyptocercus_NC_019609","Eucarida_Decapoda_Pleocyemata_Brachyura_Dromiacea_Dromioidea_Dynomenidae_Dynomene_pilumnoides_KT182070","Eucarida_Decapoda_Pleocyemata_Brachyura_Dromiacea_Homoloidea_Homolidae_Homologenus_malayensis_NC_026080","Eucarida_Decapoda_Pleocyemata_Brachyura_Dromiacea_Homoloidea_Homolidae_Moloha_majora_NC_029361"
" ","Eucarida_Decapoda_Pleocyemata_Brachyura_Eubrachyura_Bythograeoidea_Bythograeidae_Austinograea_alayseae_NC_020314","Eucarida_Decapoda_Pleocyemata_Brachyura_Eubrachyura_Bythograeoidea_Bythograeidae_Austinograea_rodriguezensis_NC_020312","Eucarida_Decapoda_Pleocyemata_Brachyura_Eubrachyura_Bythograeoidea_Bythograeidae_Gandalfus_puia_NC_027414","Eucarida_Decapoda_Pleocyemata_Brachyura_Eubrachyura_Calappoidea_Matutidae_Ashtoret_lunaris_NC_024435","Eucarida_Decapoda_Pleocyemata_Brachyura_Eubrachyura_Calappoidea_Matutidae_Matuta_planipes_NC_039351","Eucarida_Decapoda_Pleocyemata_Brachyura_Eubrachyura_Dorippoidea_Orithyiidae_Orithyia_sinica_NC_039639","Eucarida_Decapoda_Pleocyemata_Brachyura_Eubrachyura_Eriphioidea_Menippidae_Myomenippe_fornasinii_NC_024437","Eucarida_Decapoda_Pleocyemata_Brachyura_Eubrachyura_Grapsoidea_Gecarcinidae_Cardisoma_carnifex_NC_039105","Eucarida_Decapoda_Pleocyemata_Brachyura_Eubrachyura_Grapsoidea_Gecarcinidae_Gecarcoidea_natalis_NC_039811","Eucarida_Decapoda_Pleocyemata_Brachyura_Eubrachyura_Grapsoidea_Grapsidae_Grapsus_tenuicrustatus_NC_029724"
" ","Eucarida_Decapoda_Pleocyemata_Brachyura_Eubrachyura_Grapsoidea_Grapsidae_Metopograpsus_quadridentatus_NC_038178","Eucarida_Decapoda_Pleocyemata_Brachyura_Eubrachyura_Grapsoidea_Grapsidae_Pachygrapsus_crassipes_NC_021754","Eucarida_Decapoda_Pleocyemata_Brachyura_Eubrachyura_Grapsoidea_Grapsidae_Pachygrapsus_marmoratus_NC_039109","Eucarida_Decapoda_Pleocyemata_Brachyura_Eubrachyura_Grapsoidea_Sesarmidae_Clistocoeloma_sinense_NC_033866","Eucarida_Decapoda_Pleocyemata_Brachyura_Eubrachyura_Grapsoidea_Sesarmidae_Metopaulias_depressus_NC_030535","Eucarida_Decapoda_Pleocyemata_Brachyura_Eubrachyura_Grapsoidea_Sesarmidae_Parasesarma_affine_NC_039990","Eucarida_Decapoda_Pleocyemata_Brachyura_Eubrachyura_Grapsoidea_Sesarmidae_Parasesarma_pictum_NC_038066","Eucarida_Decapoda_Pleocyemata_Brachyura_Eubrachyura_Grapsoidea_Sesarmidae_Parasesarma_tripectinis_NC_030046","Eucarida_Decapoda_Pleocyemata_Brachyura_Eubrachyura_Grapsoidea_Sesarmidae_Sesarma_neglectum_NC_031851","Eucarida_Decapoda_Pleocyemata_Brachyura_Eubrachyura_Grapsoidea_Sesarmidae_Sesarmops_sinensis_NC_030196"
" ","Eucarida_Decapoda_Pleocyemata_Brachyura_Eubrachyura_Ocypodoidea_Dotillidae_Ilyoplax_deschampsi_NC_020040","Eucarida_Decapoda_Pleocyemata_Brachyura_Eubrachyura_Ocypodoidea_Macrophthalmidae_Macrophthalminae_Macrophthalmus_japonicus_NC_030048","Eucarida_Decapoda_Pleocyemata_Brachyura_Eubrachyura_Ocypodoidea_Mictyridae_Mictyris_longicarpus_NC_025325","Eucarida_Decapoda_Pleocyemata_Brachyura_Eubrachyura_Ocypodoidea_Ocypodidae_Ocypodinae_Ocypode_ceratophthalmus_NC_025324","Eucarida_Decapoda_Pleocyemata_Brachyura_Eubrachyura_Pilumnoidea_Pilumnidae_Echinoecus_nipponicus_NC_039618","Eucarida_Decapoda_Pleocyemata_Brachyura_Eubrachyura_Pilumnoidea_Pilumnidae_Pilumnus_vespertilio_NC_039108","Eucarida_Decapoda_Pleocyemata_Brachyura_Eubrachyura_Portunoidea_Geryonidae_Chaceon_granulatus_NC_023476","Eucarida_Decapoda_Pleocyemata_Brachyura_Eubrachyura_Portunoidea_Portunidae_Callinectes_sapidus_NC_006281","Eucarida_Decapoda_Pleocyemata_Brachyura_Eubrachyura_Portunoidea_Portunidae_Portunus_gracilimanus_MH729187","Eucarida_Decapoda_Pleocyemata_Brachyura_Eubrachyura_Portunoidea_Portunidae_Scylla_tranquebarica_NC_012567"
" ","Eucarida_Decapoda_Pleocyemata_Brachyura_Eubrachyura_Portunoidea_Portunidae_Thalamita_crenata_NC_024438","Eucarida_Decapoda_Pleocyemata_Brachyura_Eubrachyura_Portunoidea_Portunidae_Thalamita_sima_NC_039640","Eucarida_Decapoda_Pleocyemata_Brachyura_Eubrachyura_Potamoidea_Parathelphusidae_Somanniathelphusa_boyangensis_NC_032044","Eucarida_Decapoda_Pleocyemata_Brachyura_Eubrachyura_Potamoidea_Potamidae_Geothelphusa_dehaani_NC_007379","Eucarida_Decapoda_Pleocyemata_Brachyura_Eubrachyura_Potamoidea_Potamidae_Huananpotamon_lichuanense_NC_031406","Eucarida_Decapoda_Pleocyemata_Brachyura_Eubrachyura_Xanthoidea_Xanthidae_Leptodius_sanguineus_NC_029726","Eucarida_Decapoda_Pleocyemata_Caridea_Alpheoidea_Alpheidae_Alpheus_distinguendus_NC_014883","Eucarida_Decapoda_Pleocyemata_Caridea_Alpheoidea_Alpheidae_Alpheus_hoplocheles_NC_038068","Eucarida_Decapoda_Pleocyemata_Caridea_Alpheoidea_Alpheidae_Alpheus_japonicus_NC_038116","Eucarida_Decapoda_Pleocyemata_Caridea_Alpheoidea_Alpheidae_Alpheus_lobidens_KP276147"
" ","Eucarida_Decapoda_Pleocyemata_Caridea_Atyoidea_Atyidae_Caridina_gracilipes_NC_024751","Eucarida_Decapoda_Pleocyemata_Caridea_Atyoidea_Atyidae_Caridina_indistincta_A_NC_039593","Eucarida_Decapoda_Pleocyemata_Caridea_Atyoidea_Atyidae_Caridina_multidentata_NC_038067","Eucarida_Decapoda_Pleocyemata_Caridea_Atyoidea_Atyidae_Halocaridina_rubra_NC_008413","Eucarida_Decapoda_Pleocyemata_Caridea_Atyoidea_Atyidae_Typhlopatsa_pauliani_NC_035406","Eucarida_Decapoda_Pleocyemata_Caridea_Bresilioidea_Alvinocarididae_Alvinocaris_chelys_NC_018778","Eucarida_Decapoda_Pleocyemata_Caridea_Bresilioidea_Alvinocarididae_Alvinocaris_longirostris_NC_020313","Eucarida_Decapoda_Pleocyemata_Caridea_Bresilioidea_Alvinocarididae_Opaepele_loihi_NC_020311","Eucarida_Decapoda_Pleocyemata_Caridea_Bresilioidea_Alvinocarididae_Rimicaris_exoculata_NC_027116","Eucarida_Decapoda_Pleocyemata_Caridea_Bresilioidea_Alvinocarididae_Rimicaris_kairei_NC_020310"
" ","Eucarida_Decapoda_Pleocyemata_Caridea_Bresilioidea_Alvinocarididae_Shinkaicaris_leurokolos_NC_037487","Eucarida_Decapoda_Pleocyemata_Caridea_Crangonoidea_Crangonidae_Crangon_hakodatei_KU641481","Eucarida_Decapoda_Pleocyemata_Caridea_Nematocarcinoidea_Rhynchocinetidae_Rhynchocinetes_durbanensis_NC_029372","Eucarida_Decapoda_Pleocyemata_Caridea_Palaemonoidea_Palaemonidae_Hymenocera_picta_NC_039631","Eucarida_Decapoda_Pleocyemata_Caridea_Palaemonoidea_Palaemonidae_Macrobrachium_bullatum_NC_027602","Eucarida_Decapoda_Pleocyemata_Caridea_Palaemonoidea_Palaemonidae_Macrobrachium_lanchesteri_NC_012217","Eucarida_Decapoda_Pleocyemata_Caridea_Palaemonoidea_Palaemonidae_Macrobrachium_nipponense_NC_015073","Eucarida_Decapoda_Pleocyemata_Caridea_Palaemonoidea_Palaemonidae_Macrobrachium_rosenbergii_NC_006880","Eucarida_Decapoda_Pleocyemata_Caridea_Palaemonoidea_Palaemonidae_Palaemon_annandalei_NC_038117","Eucarida_Decapoda_Pleocyemata_Caridea_Palaemonoidea_Palaemonidae_Palaemon_capensis_NC_039373"
" ","Eucarida_Decapoda_Pleocyemata_Caridea_Palaemonoidea_Palaemonidae_Palaemon_carinicauda_NC_012566","Eucarida_Decapoda_Pleocyemata_Caridea_Palaemonoidea_Palaemonidae_Palaemon_gravieri_NC_029240","Eucarida_Decapoda_Pleocyemata_Caridea_Palaemonoidea_Palaemonidae_Palaemon_serenus_NC_027601","Eucarida_Decapoda_Pleocyemata_Caridea_Pandaloidea_Pandalidae_Chlorotocus_crassicornis_NC_035828","Eucarida_Decapoda_Pleocyemata_Caridea_Pandaloidea_Pandalidae_Pandalus_borealis_LC341266","Eucarida_Decapoda_Pleocyemata_Gebiidea_Axianassidae_Axianassa_australis_NC_043831","Eucarida_Decapoda_Pleocyemata_Gebiidea_Laomediidae_Laomedia_healyi_NC_043832","Eucarida_Decapoda_Pleocyemata_Gebiidea_Thalassinidae_Thalassina_kelanang_NC_019608","Eucarida_Decapoda_Pleocyemata_Gebiidea_Thalassinidae_Thalassina_squamifera_NC_041157","Eucarida_Decapoda_Pleocyemata_Gebiidea_Upogebiidae_Austinogebia_edulis_NC_019606"
" ","Eucarida_Decapoda_Pleocyemata_Gebiidea_Upogebiidae_Gebiacantha_plantae_NC_041152","Eucarida_Decapoda_Pleocyemata_Gebiidea_Upogebiidae_Upogebia_major_NC_019607","Eucarida_Decapoda_Pleocyemata_Gebiidea_Upogebiidae_Upogebia_pusilla_NC_020023","Eucarida_Decapoda_Pleocyemata_Gebiidea_Upogebiidae_Upogebia_yokoyai_NC_025943","Eucarida_Decapoda_Pleocyemata_Glypheidea_Glypheoidea_Glypheidae_Laurentaeglyphea_neocaledonica_NC_035679","Eucarida_Decapoda_Pleocyemata_Glypheidea_Glypheoidea_Glypheidae_Neoglyphea_inopinata_KT984197","Eucarida_Decapoda_Pleocyemata_Polychelida_Eryonoidea_Polychelidae_Pentacheles_laevis_KX343004","Eucarida_Decapoda_Pleocyemata_Polychelida_Eryonoidea_Polychelidae_Pentacheles_validus_NC_041107","Eucarida_Decapoda_Pleocyemata_Polychelida_Eryonoidea_Polychelidae_Polycheles_baccatus_NC_043833","Eucarida_Decapoda_Pleocyemata_Polychelida_Eryonoidea_Polychelidae_Polycheles_coccifer_KX343005"
" ","Eucarida_Decapoda_Pleocyemata_Stenopodidea_Spongicolidae_Globospongicola_spinulatus_KU188326","Eucarida_Decapoda_Pleocyemata_Stenopodidea_Spongicolidae_Spongicola_levigatus_KU188325","Eucarida_Decapoda_Pleocyemata_Stenopodidea_Spongicolidae_Spongiocaris_panglao_NC_038166","Eucarida_Decapoda_Pleocyemata_Stenopodidea_Stenopodidae_Stenopus_hispidus_NC_018097","Eucarida_Decapoda_Pleocyemata_Stenopodidea_Stenopodidae_Stenopus_scutellatus_MF741653","Eucarida_Euphausiacea_Euphausiidae_Euphausia_pacifica_NC_016184"

"Excluded taxa:"
" ","None"

"Renamed taxa:","New Name","Original Name"
" ","None","None"

"Index","Block","Name","Type","Activity","Weight","Prealigned","Alphabet","TCM"
"0","dec258_16Saln_chopped.fasta#0","dec258_16Saln_chopped.fasta#0","NucSeq","active","1.0","unaligned","-,A,C,G,T","[[0],[1,0],[1,1,0],[1,1,1,0],[1,1,1,1,0]]"
"1","dec258_16Saln_chopped.fasta#1","dec258_16Saln_chopped.fasta#0","NucSeq","active","1.0","unaligned","-,A,C,G,T","[[0],[1,0],[1,1,0],[1,1,1,0],[1,1,1,1,0]]"
"2","dec258_16Saln_chopped.fasta#2","dec258_16Saln_chopped.fasta#0","NucSeq","active","1.0","unaligned","-,A,C,G,T","[[0],[1,0],[1,1,0],[1,1,1,0],[1,1,1,1,0]]"
"3","dec258_16Saln_chopped.fasta#3","dec258_16Saln_chopped.fasta#0","NucSeq","active","1.0","unaligned","-,A,C,G,T","[[0],[1,0],[1,1,0],[1,1,1,0],[1,1,1,1,0]]"
"4","dec258_12Saln_missing.fas#0","dec258_12Saln_missing.fas#0","NucSeq","active","1.0","unaligned","-,A,C,G,T","[[0],[1,0],[1,1,0],[1,1,1,0],[1,1,1,1,0]]"
