(A:4.0,(e:1.5,((c:1.5,((four:1.5,((a:2.0,(E:4.0,three:1.5)HTU34:0.5)HTU23:1.5,(C:4.0,((D:4.0,two:1.5)HTU27:0.5,(i:2.0,one:1.5)HTU33:0.5)HTU22:0.5)HTU30:1.5)HTU28:1.0)HTU25:0.5,(f:1.5,((B:4.0,h:2.0)HTU29:0.5,(d:1.5,six:2.0)HTU32:0.5)HTU24:0.5)HTU31:1.0)HTU21:1.0)HTU35:0.5,(g:2.0,(b:2.0,five:1.5)HTU37:0.5)HTU36:1.0)HTU26:0.5)HTU38:0.5)HTU20[33.0];
(A:4.0,(((h:2.0,three:1.5)HTU29:0.5,(C:4.0,f:1.5)HTU33:0.5)HTU23:0.5,((D:4.0,((two:1.5,(E:4.0,i:2.0)HTU31:0.5)HTU24:0.5,(a:1.5,one:1.5)HTU30:0.5)HTU21:2.0)HTU25:2.0,(d:1.5,((g:2.0,(c:1.5,e:1.5)HTU37:1.0)HTU28:0.5,(four:1.5,((b:2.0,five:1.5)HTU34:0.5,(B:4.0,six:2.0)HTU36:0.5)HTU26:0.5)HTU35:0.5)HTU22:1.0)HTU27:0.5)HTU32:0.5)HTU38:0.5)HTU20[33.0];
(A:3.5,(three:1.0,((C:3.5,((B:3.5,((b:2.0,i:1.5)HTU29:1.0,(D:3.5,(one:1.0,(two:1.0,(d:1.5,f:1.5)HTU36:1.0)HTU32:0.5)HTU24:0.5)HTU35:0.5)HTU21:0.5)HTU25:1.5,(four:1.0,((g:1.5,six:1.5)HTU28:0.5,(five:1.0,(e:1.5,(c:1.5,h:2.0)HTU34:0.5)HTU26:1.0)HTU37:0.5)HTU22:0.5)HTU27:0.5)HTU30:0.5)HTU31:0.5,(E:3.5,a:2.0)HTU33:1.5)HTU23:0.5)HTU38:0.5)HTU20[33.0];
(A:4.0,(((four:1.5,(E:4.0,three:1.5)HTU37:0.5)HTU25:1.5,(h:2.0,(D:4.0,e:1.5)HTU36:0.5)HTU31:0.5)HTU22:0.5,((five:1.0,((a:2.0,i:1.5)HTU29:1.0,(six:1.5,((d:1.5,f:1.5)HTU28:1.0,(B:3.5,b:2.0)HTU33:0.5)HTU23:0.5)HTU30:0.5)HTU21:0.5)HTU26:1.0,(one:1.5,((C:4.0,g:2.0)HTU32:0.5,(c:1.5,two:1.5)HTU35:0.5)HTU24:0.5)HTU34:1.5)HTU27:0.5)HTU38:0.5)HTU20[33.0];
(A:4.0,(two:1.5,((one:1.5,((((a:2.0,(D:3.5,three:1.0)HTU36:0.5)HTU25:0.5,(g:1.5,((b:2.0,four:1.5)HTU33:0.5,(E:4.0,i:1.5)HTU35:0.5)HTU24:1.0)HTU34:1.5)HTU21:1.0,(B:4.0,h:1.5)HTU37:0.5)HTU26:0.5,(six:2.0,((C:4.0,five:1.5)HTU28:0.5,(c:1.5,e:1.5)HTU31:1.0)HTU23:0.5)HTU30:0.5)HTU27:1.5)HTU29:0.5,(d:1.5,f:1.5)HTU32:1.0)HTU22:0.5)HTU38:0.5)HTU20[33.0];
(A:4.0,(((f:1.5,((B:4.0,d:1.5)HTU33:0.5,((c:1.5,h:2.0)HTU26:0.5,(E:5.0,((C:4.0,e:1.5)HTU29:0.5,(five:1.5,i:2.0)HTU35:0.5)HTU22:0.5)HTU32:0.5)HTU36:1.5)HTU27:0.5)HTU34:1.0,(D:4.0,(g:2.0,(a:2.0,six:2.0)HTU31:0.5)HTU24:0.5)HTU37:0.5)HTU21:0.5,((b:2.0,(one:1.5,two:1.5)HTU30:0.5)HTU25:1.5,(four:1.5,three:1.5)HTU28:0.5)HTU23:0.5)HTU38:0.5)HTU20[33.0];
(A:4.0,(((E:4.0,e:1.5)HTU27:0.5,(four:1.5,three:1.5)HTU31:0.5)HTU22:1.5,((D:4.0,((d:1.5,((B:4.0,b:2.0)HTU29:1.0,((f:1.5,two:1.5)HTU33:0.5,(g:2.0,one:1.5)HTU34:0.5)HTU30:0.5)HTU26:0.5)HTU32:2.0,(five:1.5,(a:2.0,six:2.0)HTU24:0.5)HTU37:0.5)HTU21:0.5)HTU25:1.0,(i:2.0,(c:1.5,(C:4.0,h:2.0)HTU35:0.5)HTU23:0.5)HTU36:0.5)HTU28:0.5)HTU38:0.5)HTU20[33.0];
(A:4.0,(((d:1.5,f:1.5)HTU28:1.5,(h:2.0,(two:1.5,(B:4.0,e:1.5)HTU35:0.5)HTU25:0.5)HTU37:0.5)HTU22:0.5,(one:1.5,((((C:4.0,i:2.0)HTU30:0.5,(D:4.0,a:2.0)HTU34:0.5)HTU23:1.0,(c:1.5,four:1.5)HTU27:0.5)HTU24:0.5,(three:1.5,(g:2.0,((E:4.0,five:1.5)HTU26:0.5,(b:2.0,six:2.0)HTU36:0.5)HTU21:0.5)HTU32:0.5)HTU33:2.0)HTU29:1.5)HTU31:0.5)HTU38:0.5)HTU20[33.0];
(A:4.0,(a:2.0,(((e:1.5,((five:1.5,(C:4.0,c:1.5)HTU37:0.5)HTU24:0.5,(D:4.0,((B:4.0,((f:1.5,four:1.5)HTU29:0.5,(E:4.0,three:1.5)HTU33:0.5)HTU23:1.5)HTU32:0.5,(d:1.5,(h:2.0,(one:1.5,two:1.5)HTU34:0.5)HTU28:0.5)HTU36:1.5)HTU22:1.0)HTU30:1.0)HTU26:0.5)HTU31:1.0,(g:2.0,i:1.5)HTU35:0.5)HTU21:0.5,(b:2.0,six:2.0)HTU27:0.5)HTU25:0.5)HTU38:0.5)HTU20[33.0];
(A:4.0,(((D:4.0,a:2.0)HTU28:0.5,(h:2.0,((c:1.5,e:1.5)HTU31:0.5,(C:4.0,five:1.5)HTU37:0.5)HTU24:0.5)HTU33:1.0)HTU23:0.5,((B:4.0,i:1.5)HTU22:0.5,(g:1.5,(b:2.0,((E:3.5,six:1.5)HTU27:0.5,(f:1.5,((d:1.5,(one:1.5,two:1.5)HTU34:0.5)HTU29:1.5,(four:1.5,three:1.5)HTU32:0.5)HTU26:0.5)HTU35:1.0)HTU25:0.5)HTU21:0.5)HTU36:2.0)HTU30:0.5)HTU38:0.5)HTU20[33.0];
