(Alentus:38.0,(Aportus:15.0,((Rhiphicephalus:40.0,Thermobius:27.0)HTU27:25.5,((Gea:40.0,((Hadrurus:16.0,Pauroctonus:2.5)HTU19:18.5,(Vonones:25.0,((Chanbria:19.0,Limulus:15.0)HTU20:8.5,(Centruoides:24.0,(Amblypygid:25.0,(Mastigoproctus:15.0,(Hypochilus:5.0,Thelichoris:6.0)HTU18:13.0)HTU21:8.5)HTU22:6.0)HTU23:5.5)HTU24:4.5)HTU25:10.5)HTU26:9.5)HTU28:19.5,(Americhernus:56.5,Artemia:41.0)HTU31:31.0)HTU30:10.5)HTU29:25.5)HTU32:36.5)HTU17[473.0];
