(Alentus:263.0,(((Hadrurus:169.5,Hypochilus:142.5)HTU21:71.5,((Vonones:93.0,(Pauroctonus:105.0,Thermobius:137.0)HTU18:77.5)HTU19:66.5,(Americhernus:205.5,Aportus:144.5)HTU20:103.0)HTU23:68.0)HTU22:68.5,(Gea:154.0,(Artemia:133.5,(Rhiphicephalus:184.5,((Chanbria:180.0,Limulus:130.0)HTU26:101.5,(Centruoides:134.5,(Amblypygid:144.0,(Mastigoproctus:162.0,Thelichoris:137.0)HTU25:98.5)HTU27:63.5)HTU28:33.0)HTU29:44.5)HTU30:66.5)HTU31:71.0)HTU32:87.5)HTU24:173.5)HTU17[2324.0];
(Alentus:263.0,(((Hadrurus:169.5,Hypochilus:142.5)HTU21:71.5,((Vonones:93.0,(Pauroctonus:105.0,Thermobius:137.0)HTU18:77.5)HTU19:66.5,(Americhernus:205.5,Aportus:144.5)HTU20:103.0)HTU23:68.0)HTU22:68.5,(Gea:154.0,(Artemia:133.5,(Rhiphicephalus:184.5,((Chanbria:180.0,Limulus:130.0)HTU26:101.5,(Centruoides:134.5,(Amblypygid:144.0,(Mastigoproctus:162.0,Thelichoris:137.0)HTU25:98.5)HTU27:63.5)HTU28:33.0)HTU29:44.5)HTU30:66.5)HTU31:71.0)HTU32:87.5)HTU24:173.5)HTU17[2324.0];
(Alentus:316.0,(((Hadrurus:140.5,Hypochilus:162.5)HTU20:92.0,(Aportus:154.0,(Rhiphicephalus:213.5,(Vonones:94.0,(Pauroctonus:106.5,Thermobius:134.5)HTU18:68.5)HTU19:38.0)HTU21:60.0)HTU23:92.0)HTU22:54.5,(Americhernus:215.5,(Gea:151.0,(Artemia:151.0,((Chanbria:160.0,Limulus:141.5)HTU26:79.0,(Centruoides:120.5,(Amblypygid:121.5,(Mastigoproctus:148.0,Thelichoris:148.0)HTU25:107.5)HTU27:61.5)HTU28:36.0)HTU29:69.5)HTU30:75.5)HTU31:103.0)HTU32:81.0)HTU24:247.0)HTU17[2316.0];
