(Alentus:26.5,(Aportus:13.5,(Thermobius:30.5,(Rhiphicephalus:32.0,((Amblypygid:17.0,Vonones:23.0)HTU19:7.0,(((Gea:35.5,(Hypochilus:12.5,Thelichoris:14.5)HTU27:7.0)HTU21:9.0,(Mastigoproctus:19.5,((Chanbria:29.5,Limulus:19.5)HTU26:8.0,(Centruoides:19.5,(Hadrurus:22.5,Pauroctonus:12.5)HTU29:17.5)HTU31:10.5)HTU25:9.0)HTU23:7.0)HTU28:7.5,(Americhernus:49.0,Artemia:34.0)HTU30:22.0)HTU22:9.5)HTU24:12.0)HTU20:9.0)HTU32:35.0)HTU18:25.0)HTU17[505.0];
(Alentus:18.5,(Aportus:22.5,(Rhiphicephalus:29.0,(Thermobius:31.5,((Amblypygid:20.0,Vonones:25.0)HTU19:7.0,(((Gea:36.5,(Hypochilus:17.5,Thelichoris:18.5)HTU27:7.0)HTU21:8.5,(Mastigoproctus:23.0,((Chanbria:34.0,Limulus:22.0)HTU26:8.5,(Centruoides:22.5,(Hadrurus:26.0,Pauroctonus:17.0)HTU29:16.0)HTU31:10.0)HTU25:7.5)HTU23:7.0)HTU28:7.5,(Americhernus:51.5,Artemia:36.5)HTU30:18.5)HTU22:10.0)HTU24:12.0)HTU32:13.5)HTU20:22.5)HTU18:25.0)HTU17[505.0];
(Alentus:18.5,(Aportus:22.5,(Rhiphicephalus:29.0,(Thermobius:31.5,((((Mastigoproctus:23.0,((Chanbria:34.0,Limulus:22.0)HTU24:8.5,(Centruoides:22.5,(Hadrurus:26.0,Pauroctonus:17.0)HTU32:16.0)HTU31:10.0)HTU27:7.5)HTU21:7.0,(Gea:36.5,(Hypochilus:17.5,Thelichoris:18.5)HTU26:7.0)HTU22:8.5)HTU23:7.5,(Americhernus:51.5,Artemia:36.5)HTU30:18.5)HTU19:10.0,(Amblypygid:20.0,Vonones:25.0)HTU20:7.0)HTU25:12.0)HTU29:13.5)HTU28:22.5)HTU18:25.0)HTU17[505.0];
(Alentus:26.5,(Aportus:13.5,(Thermobius:30.5,(Rhiphicephalus:32.0,((((Mastigoproctus:19.5,((Chanbria:29.5,Limulus:19.5)HTU24:8.0,(Centruoides:19.5,(Hadrurus:22.5,Pauroctonus:12.5)HTU32:17.5)HTU31:10.5)HTU27:9.0)HTU21:7.0,(Gea:35.5,(Hypochilus:12.5,Thelichoris:14.5)HTU26:7.0)HTU22:9.0)HTU23:7.5,(Americhernus:49.0,Artemia:34.0)HTU30:22.0)HTU19:9.5,(Amblypygid:17.0,Vonones:23.0)HTU20:7.0)HTU25:12.0)HTU28:9.0)HTU29:35.0)HTU18:25.0)HTU17[505.0];
(Alentus:69.0,(Aportus:24.0,(Vonones:20.5,(Amblypygid:16.0,((Rhiphicephalus:34.5,(Thermobius:30.0,(Americhernus:54.5,Artemia:24.5)HTU23:19.0)HTU25:14.0)HTU19:11.0,(Mastigoproctus:20.0,(((Centruoides:19.0,(Hadrurus:21.0,Pauroctonus:13.0)HTU27:17.5)HTU26:11.0,(Chanbria:29.0,Limulus:18.0)HTU32:8.5)HTU29:11.5,(Gea:37.0,(Hypochilus:10.0,Thelichoris:13.0)HTU24:7.5)HTU31:9.0)HTU28:6.0)HTU22:7.0)HTU21:10.0)HTU30:10.0)HTU20:19.5)HTU18:61.5)HTU17[505.0];
(Alentus:26.5,(Aportus:13.5,(Thermobius:30.5,(Rhiphicephalus:32.0,((((Mastigoproctus:19.5,((Centruoides:19.5,(Hadrurus:22.5,Pauroctonus:12.5)HTU24:17.5)HTU23:10.5,(Chanbria:29.5,Limulus:19.5)HTU27:8.0)HTU22:9.0)HTU26:7.0,(Gea:35.5,(Hypochilus:12.5,Thelichoris:14.5)HTU29:7.0)HTU31:9.0)HTU25:7.5,(Americhernus:49.0,Artemia:34.0)HTU28:22.0)HTU19:9.5,(Amblypygid:17.0,Vonones:23.0)HTU30:7.0)HTU20:12.0)HTU32:9.0)HTU21:35.0)HTU18:25.0)HTU17[505.0];
(Alentus:18.5,(Aportus:22.5,(Rhiphicephalus:29.0,(Thermobius:31.5,((((Mastigoproctus:23.0,((Centruoides:22.5,(Hadrurus:26.0,Pauroctonus:17.0)HTU24:16.0)HTU23:10.0,(Chanbria:34.0,Limulus:22.0)HTU27:8.5)HTU22:7.5)HTU26:7.0,(Gea:36.5,(Hypochilus:17.5,Thelichoris:18.5)HTU29:7.0)HTU31:8.5)HTU25:7.5,(Americhernus:51.5,Artemia:36.5)HTU28:18.5)HTU19:10.0,(Amblypygid:20.0,Vonones:25.0)HTU30:7.0)HTU20:12.0)HTU21:13.5)HTU32:22.5)HTU18:25.0)HTU17[505.0];
(Alentus:26.5,(Aportus:13.5,(Thermobius:30.5,(Rhiphicephalus:32.0,((Amblypygid:17.0,Vonones:23.0)HTU26:7.0,(((Mastigoproctus:19.5,((Centruoides:19.5,(Hadrurus:22.5,Pauroctonus:12.5)HTU23:17.5)HTU22:10.5,(Chanbria:29.5,Limulus:19.5)HTU29:8.0)HTU24:9.0)HTU21:7.0,(Gea:35.5,(Hypochilus:12.5,Thelichoris:14.5)HTU27:7.0)HTU30:9.0)HTU25:7.5,(Americhernus:49.0,Artemia:34.0)HTU31:22.0)HTU32:9.5)HTU28:12.0)HTU19:9.0)HTU20:35.0)HTU18:25.0)HTU17[505.0];
(Alentus:18.5,(Aportus:22.5,(Rhiphicephalus:29.0,(Thermobius:31.5,((Amblypygid:20.0,Vonones:25.0)HTU26:7.0,(((Mastigoproctus:23.0,((Centruoides:22.5,(Hadrurus:26.0,Pauroctonus:17.0)HTU23:16.0)HTU22:10.0,(Chanbria:34.0,Limulus:22.0)HTU29:8.5)HTU24:7.5)HTU21:7.0,(Gea:36.5,(Hypochilus:17.5,Thelichoris:18.5)HTU27:7.0)HTU30:8.5)HTU25:7.5,(Americhernus:51.5,Artemia:36.5)HTU31:18.5)HTU32:10.0)HTU28:12.0)HTU19:13.5)HTU20:22.5)HTU18:25.0)HTU17[505.0];
(Alentus:26.5,(Aportus:13.5,(Thermobius:30.5,(Rhiphicephalus:32.0,(((Americhernus:49.0,Artemia:34.0)HTU22:22.0,((Mastigoproctus:19.5,((Chanbria:29.5,Limulus:19.5)HTU30:8.0,(Centruoides:19.5,(Hadrurus:22.5,Pauroctonus:12.5)HTU23:17.5)HTU32:10.5)HTU27:9.0)HTU20:7.0,(Gea:35.5,(Hypochilus:12.5,Thelichoris:14.5)HTU28:7.0)HTU21:9.0)HTU24:7.5)HTU26:9.5,(Amblypygid:17.0,Vonones:23.0)HTU29:7.0)HTU25:12.0)HTU19:9.0)HTU31:35.0)HTU18:25.0)HTU17[505.0];
