(Alentus:123.5,(Chanbria:104.0,((Rhiphicephalus:142.0,(Artemia:193.5,((Limulus:124.0,Mastigoproctus:112.0)HTU29:32.5,(Hypochilus:107.5,Thelichoris:83.5)HTU30:43.5)HTU26:33.5)HTU28:21.5)HTU27:45.5,((Gea:164.5,((Amblypygid:82.0,(Americhernus:171.5,Aportus:175.0)HTU20:69.0)HTU19:68.5,(Vonones:102.0,(Pauroctonus:100.0,Thermobius:160.0)HTU23:48.5)HTU24:39.5)HTU18:68.5)HTU21:44.0,(Centruoides:91.0,Hadrurus:141.0)HTU22:74.0)HTU32:47.0)HTU25:43.0)HTU31:182.5)HTU17[1740.0];
(Alentus:104.0,(Chanbria:91.5,((Rhiphicephalus:138.5,(Artemia:161.5,(Mastigoproctus:93.5,(Hypochilus:90.5,Thelichoris:72.5)HTU30:55.5)HTU27:44.5)HTU29:27.0)HTU28:53.5,((Gea:160.5,((Limulus:82.5,(Vonones:96.5,(Pauroctonus:91.0,Thermobius:145.0)HTU24:52.5)HTU25:25.0)HTU19:27.5,(Amblypygid:107.0,(Americhernus:196.5,Aportus:166.5)HTU21:85.0)HTU20:67.5)HTU18:50.0)HTU22:44.0,(Centruoides:75.0,Hadrurus:113.0)HTU23:79.5)HTU32:47.0)HTU26:36.5)HTU31:112.0)HTU17[1734.0];
(Alentus:179.5,(Chanbria:94.0,((Rhiphicephalus:152.5,(Artemia:183.0,((Gea:159.0,(Hypochilus:76.5,Thelichoris:105.5)HTU30:37.0)HTU25:38.0,(Limulus:103.0,Mastigoproctus:117.0)HTU29:35.0)HTU26:40.0)HTU28:20.5)HTU27:47.5,(((Amblypygid:82.0,(Americhernus:234.5,Aportus:124.0)HTU20:51.0)HTU19:36.0,(Vonones:84.0,(Pauroctonus:85.0,Thermobius:145.0)HTU22:55.0)HTU23:28.0)HTU18:45.5,(Centruoides:75.0,Hadrurus:124.0)HTU21:78.0)HTU32:46.5)HTU24:46.5)HTU31:174.0)HTU17[1719.0];
(Alentus:115.5,(Chanbria:104.0,((Rhiphicephalus:156.0,(Artemia:171.5,(Mastigoproctus:114.5,(Gea:160.0,(Hypochilus:93.5,Thelichoris:112.5)HTU30:47.0)HTU26:46.5)HTU27:38.5)HTU29:32.5)HTU28:48.0,(((Limulus:90.5,(Vonones:108.0,(Pauroctonus:107.0,Thermobius:165.5)HTU23:47.5)HTU24:32.5)HTU19:41.0,(Amblypygid:86.0,(Americhernus:185.5,Aportus:170.5)HTU21:59.5)HTU20:63.5)HTU18:47.0,(Centruoides:94.0,Hadrurus:135.0)HTU22:79.0)HTU32:39.0)HTU25:40.5)HTU31:183.0)HTU17[1711.0];
(Alentus:187.5,(Chanbria:98.0,((Rhiphicephalus:158.5,(Artemia:162.0,(Mastigoproctus:91.5,(Gea:144.0,(Hypochilus:68.5,Thelichoris:97.5)HTU22:44.0)HTU23:52.5)HTU24:32.5)HTU25:37.0)HTU26:35.5,((Limulus:71.5,((Vonones:84.0,(Pauroctonus:72.0,Thermobius:149.0)HTU18:58.5)HTU19:24.5,(Aportus:130.0,(Amblypygid:113.0,Americhernus:219.5)HTU32:68.5)HTU30:70.5)HTU31:35.5)HTU20:35.0,(Centruoides:84.0,Hadrurus:114.0)HTU21:73.5)HTU27:27.5)HTU28:38.0)HTU29:125.5)HTU17[1708.0];
(Alentus:187.5,(Chanbria:98.0,((Rhiphicephalus:158.5,(Artemia:162.0,(Mastigoproctus:91.5,(Gea:144.0,(Hypochilus:68.5,Thelichoris:97.5)HTU22:44.0)HTU23:52.5)HTU24:32.5)HTU25:37.0)HTU26:35.5,((Limulus:72.0,((Pauroctonus:72.5,Thermobius:154.5)HTU18:51.5,(Vonones:83.0,(Aportus:128.5,(Amblypygid:117.5,Americhernus:229.0)HTU32:59.5)HTU30:64.0)HTU31:49.0)HTU19:38.0)HTU20:33.5,(Centruoides:85.0,Hadrurus:113.0)HTU21:74.5)HTU27:28.5)HTU28:38.0)HTU29:125.5)HTU17[1706.0];
(Alentus:120.0,(Chanbria:114.0,((Rhiphicephalus:148.0,(Artemia:175.5,(Mastigoproctus:112.5,(Gea:159.0,(Hypochilus:93.5,Thelichoris:112.5)HTU22:48.0)HTU23:46.5)HTU24:37.5)HTU25:37.5)HTU26:43.0,((Limulus:91.0,(Vonones:108.0,(Pauroctonus:106.0,Thermobius:166.5)HTU18:45.5)HTU19:35.0)HTU20:34.0,((Centruoides:100.0,Hadrurus:136.0)HTU21:80.0,(Amblypygid:80.0,(Americhernus:179.5,Aportus:176.0)HTU32:74.0)HTU30:61.5)HTU31:46.0)HTU27:34.0)HTU28:39.5)HTU29:178.5)HTU17[1701.0];
(Alentus:205.0,(Chanbria:111.0,((Limulus:78.5,(Vonones:90.5,(Pauroctonus:92.5,Thermobius:148.5)HTU21:52.5)HTU22:34.0)HTU23:30.5,((Amblypygid:90.0,(Americhernus:199.5,Aportus:151.5)HTU18:85.5)HTU20:60.5,((Centruoides:69.0,Hadrurus:125.0)HTU19:50.0,(Artemia:154.0,(Rhiphicephalus:158.0,(Mastigoproctus:82.0,(Gea:156.0,(Hypochilus:66.5,Thelichoris:83.5)HTU29:43.0)HTU30:54.0)HTU31:43.0)HTU32:59.0)HTU27:39.0)HTU28:64.5)HTU24:30.5)HTU25:37.5)HTU26:136.0)HTU17[1700.0];
(Alentus:208.5,(Chanbria:111.0,((Limulus:78.5,(Vonones:90.5,(Pauroctonus:92.5,Thermobius:148.5)HTU24:52.5)HTU25:34.0)HTU26:32.5,((Amblypygid:90.0,(Americhernus:199.5,Aportus:151.5)HTU21:83.5)HTU22:58.5,((Centruoides:67.0,Hadrurus:127.0)HTU19:48.5,(Artemia:152.0,(Rhiphicephalus:150.0,(Mastigoproctus:101.0,(Thelichoris:54.5,(Gea:171.5,Hypochilus:56.5)HTU32:48.5)HTU30:50.0)HTU31:30.0)HTU18:63.0)HTU20:40.0)HTU23:62.5)HTU27:28.5)HTU28:35.5)HTU29:135.0)HTU17[1699.0];
(Alentus:120.0,(Chanbria:131.0,((Limulus:91.5,(Vonones:108.5,(Pauroctonus:110.0,Thermobius:161.5)HTU22:49.0)HTU23:33.0)HTU24:30.5,((Artemia:153.0,(Centruoides:88.5,Hadrurus:141.0)HTU18:56.0)HTU21:59.5,((Amblypygid:79.5,(Americhernus:171.0,Aportus:177.5)HTU19:71.5)HTU20:75.5,(Gea:173.0,((Hypochilus:111.5,Thelichoris:77.5)HTU30:42.5,(Mastigoproctus:127.5,Rhiphicephalus:149.5)HTU32:43.5)HTU31:54.5)HTU28:61.0)HTU29:35.0)HTU25:31.0)HTU26:33.5)HTU27:161.5)HTU17[1696.0];
