" ","metazoa-aa-2.fas#0","metazoa-aa-1.fas#0"
"Antarctic_neomeniomorph","+","-"
"Aplysia_californica","+","+"
"Cerebratulus_lacteus","+","-"
"Chaetopleura_apiculata","+","-"
"Crassostrea_virginica","-","+"
"Euprymna_scolopes","+","-"
"Greenland_neomeniomorph","+","-"
"Helobdella_robusta","-","+"
"Ilyanassa_obsoleta","-","+"
"Lingula_anatina","-","+"
"Littorina_littorea","+","+"
"Lottia_gigantea","+","+"
"Lymnaea_stagnalis","-","+"
"Mytilus_californianus","+","+"
"Nautilus","+","-"
"Nucula","+","-"
"Octopus","+","-"
"Perotrochus_lucaya","+","+"
"Scaphopods","+","+"
"Siphonaria_pectinata","-","+"
"Solemya","+","-"
"Venerupis_decussatus","-","+"
"Venerupis_philippinarum","-","+"
"Yoldia_limatula","-","+"
