(Alentus:241.5,(Euprymna_scolopes:151.0,(Venerupis_decussatus:290.0,((Aportus:257.5,Cerebratulus_lacteus:175.0)HTU57:51.0,(((Mytilus_californianus:125.0,(Artemia:271.5,Lingula_anatina:274.5)HTU59:24.5)HTU52:63.0,(((Scaphopods:178.5,(Crassostrea_virginica:287.0,Limulus:260.0)HTU55:73.0)HTU50:134.0,(((Pauroctonus:257.0,(Hadrurus:259.0,Octopus:177.5)HTU68:29.0)HTU48:57.5,((Thelichoris:259.5,(Hypochilus:257.5,(Gea:265.0,Greenland_neomeniomorph:188.5)HTU67:43.5)HTU62:27.0)HTU60:60.0,((Solemya:174.5,(Lottia_gigantea:115.5,(Amblypygid:263.5,Venerupis_philippinarum:283.5)HTU69:35.0)HTU63:22.0)HTU43:46.0,(Chaetopleura_apiculata:157.0,((Yoldia_limatula:281.5,((Lymnaea_stagnalis:272.5,(Aplysia_californica:103.0,(Mastigoproctus:253.5,Siphonaria_pectinata:280.5)HTU72:7.0)HTU71:20.5)HTU47:29.0,(Helobdella_robusta:284.5,Littorina_littorea:102.5)HTU77:22.0)HTU44:26.0)HTU74:32.0,(Ilyanassa_obsoleta:274.0,Perotrochus_lucaya:88.5)HTU76:8.0)HTU42:29.5)HTU58:60.5)HTU75:30.5)HTU51:24.5)HTU45:27.0,(Centruoides:270.5,(Chanbria:259.5,Nautilus:165.0)HTU70:28.5)HTU64:24.5)HTU53:37.0)HTU46:53.5,(Vonones:269.5,(Antarctic_neomeniomorph:193.0,Thermobius:265.5)HTU79:39.5)HTU66:57.0)HTU54:55.0)HTU49:35.0,(Rhiphicephalus:271.5,(Americhernus:272.5,Nucula:166.0)HTU78:43.5)HTU73:36.0)HTU61:96.5)HTU56:45.0)HTU65:25.5)HTU80:25.5)HTU41[1921.0];
(Alentus:252.0,(Greenland_neomeniomorph:182.5,(((Lottia_gigantea:122.5,(Siphonaria_pectinata:304.0,(((((Centruoides:268.0,Mastigoproctus:266.0)HTU70:33.0,(Yoldia_limatula:277.0,((Lingula_anatina:280.5,Thermobius:265.0)HTU56:36.0,(Crassostrea_virginica:286.5,Euprymna_scolopes:170.5)HTU59:47.0)HTU55:22.5)HTU78:35.5)HTU52:53.5,(Lymnaea_stagnalis:282.0,(Octopus:190.0,(Artemia:270.0,Mytilus_californianus:131.5)HTU72:43.0)HTU69:37.0)HTU66:63.5)HTU50:37.5,(Chaetopleura_apiculata:162.5,(((Aplysia_californica:141.5,(Littorina_littorea:99.5,Vonones:259.5)HTU73:21.0)HTU68:59.5,(Amblypygid:270.0,(Limulus:262.0,Perotrochus_lucaya:88.5)HTU77:10.0)HTU75:9.5)HTU48:40.0,((Americhernus:276.5,Nautilus:156.5)HTU46:53.0,((Scaphopods:170.0,(Gea:264.0,Ilyanassa_obsoleta:272.0)HTU43:42.0)HTU42:58.5,(Hypochilus:255.5,Thelichoris:257.5)HTU62:45.0)HTU51:129.5)HTU61:29.5)HTU47:12.5)HTU76:45.0)HTU44:36.0,(Antarctic_neomeniomorph:186.0,((Chanbria:260.5,Helobdella_robusta:276.5)HTU65:31.0,(Pauroctonus:255.0,(Cerebratulus_lacteus:175.5,Hadrurus:258.0)HTU64:28.5)HTU67:36.5)HTU63:49.5)HTU49:71.5)HTU45:34.5)HTU74:28.5)HTU53:57.5,((Solemya:152.5,Venerupis_decussatus:279.0)HTU57:19.0,(Nucula:152.5,Rhiphicephalus:263.5)HTU58:19.0)HTU54:68.5)HTU60:65.5,(Aportus:258.5,Venerupis_philippinarum:277.0)HTU79:28.5)HTU71:26.0)HTU80:23.0)HTU41[1914.0];
