"Input data contained:"
,"13 terminal taxa"
,"2 input data files"
,"2 character blocks"
,"2 total characters"

"Terminal taxa:"
" ","Alentus","Amblypygid","Aportus","Centruoides","Chanbria","Hadrurus","Limulus","Mastigoproctus","Pauroctonus","Rhiphicephalus"
" ","Thelichoris","Thermobius","Vonones"

"Excluded taxa:"
" ","Americhernus","Gea","Hypochilus","Artemia"

"Renamed taxa:","New Name","Original Name"
" ","None","None"

"Index","Block","Name","Type","Activity","Weight","Prealigned","Alphabet","TCM"
"0","chel_binary.fas#0","chel_binary.fas#0","SlimSeq","active","1.0","unaligned","-,0,1","[[0],[1,0],[1,1,0]]"
"1","chel-16.fas#0","chel-16.fas#0","NucSeq","active","1.0","unaligned","-,A,C,G,T","[[0],[1,0],[1,1,0],[1,1,1,0],[1,1,1,1,0]]"
