"Input data contained:"
,"24 terminal taxa"
,"2 input data files"
,"2 character blocks"
,"2 total characters"

"Terminal taxa:"
" ","Antarctic_neomeniomorph","Aplysia_californica","Cerebratulus_lacteus","Chaetopleura_apiculata","Crassostrea_virginica","Euprymna_scolopes","Greenland_neomeniomorph","Helobdella_robusta","Ilyanassa_obsoleta","Lingula_anatina"
" ","Littorina_littorea","Lottia_gigantea","Lymnaea_stagnalis","Mytilus_californianus","Nautilus","Nucula","Octopus","Perotrochus_lucaya","Scaphopods","Siphonaria_pectinata"
" ","Solemya","Venerupis_decussatus","Venerupis_philippinarum","Yoldia_limatula"

"Excluded taxa:"
" ","None"

"Renamed taxa:","New Name","Original Name"
" ","None","None"

"Index","Block","Name","Type","Activity","Weight","Prealigned","Alphabet","TCM"
"0","metazoa-aa-2.fas#0","metazoa-aa-2.fas#0","AlignedWide","active","1.0","prealigned","-,A,C,D,E,F,G,H,I,K,L,M,N,P,Q,R,S,T,V,W,Y","[[0],[66,0],[63,68,0],[63,69,65,0],[67,70,70,71,0],[64,67,67,65,71,0],[63,69,66,62,71,65,0],[60,70,68,67,70,69,67,0],[66,66,66,66,70,65,66,70,0],[64,69,69,69,70,70,69,67,70,0],[66,70,70,70,71,69,70,68,70,66,0],[65,63,67,67,71,67,67,66,69,70,68,0],[65,68,69,69,71,69,69,67,70,66,69,70,0],[68,71,70,71,71,71,71,69,70,67,66,71,68,0],[61,68,68,68,70,68,68,64,69,70,69,68,69,71,0],[61,68,67,67,69,69,67,61,69,69,68,65,67,70,66,0],[61,69,68,67,70,69,67,63,70,68,68,66,67,70,67,63,0],[70,65,70,71,71,71,71,70,70,71,71,72,72,68,71,68,70,0],[68,70,69,70,68,70,70,69,69,69,70,71,70,52,70,68,69,71,0],[63,70,69,69,70,69,69,65,70,63,57,62,68,69,68,66,66,72,70,0],[150,150,150,150,150,150,150,150,150,150,150,150,150,150,150,150,150,150,150,150,0]]"
"1","metazoa-aa-1.fas#0","metazoa-aa-1.fas#0","AlignedWide","active","1.0","prealigned","-,A,C,D,E,F,G,H,I,K,L,M,N,P,Q,R,S,T,V,W,Y","[[0],[66,0],[63,68,0],[63,69,65,0],[67,70,70,71,0],[64,67,67,65,71,0],[63,69,66,62,71,65,0],[60,70,68,67,70,69,67,0],[66,66,66,66,70,65,66,70,0],[64,69,69,69,70,70,69,67,70,0],[66,70,70,70,71,69,70,68,70,66,0],[65,63,67,67,71,67,67,66,69,70,68,0],[65,68,69,69,71,69,69,67,70,66,69,70,0],[68,71,70,71,71,71,71,69,70,67,66,71,68,0],[61,68,68,68,70,68,68,64,69,70,69,68,69,71,0],[61,68,67,67,69,69,67,61,69,69,68,65,67,70,66,0],[61,69,68,67,70,69,67,63,70,68,68,66,67,70,67,63,0],[70,65,70,71,71,71,71,70,70,71,71,72,72,68,71,68,70,0],[68,70,69,70,68,70,70,69,69,69,70,71,70,52,70,68,69,71,0],[63,70,69,69,70,69,69,65,70,63,57,62,68,69,68,66,66,72,70,0],[150,150,150,150,150,150,150,150,150,150,150,150,150,150,150,150,150,150,150,150,0]]"
