"Input data contained:"
,"16 terminal taxa"
,"1 input data files"
,"1 character blocks"
,"1 total characters"

"Terminal taxa:"
" ","Alentus","Amblypygid","Americhernus","Aportus","Artemia","Centruoides","Gea","Hadrurus","Hypochilus","Limulus"
" ","Mastigoproctus","Pauroctonus","Rhiphicephalus","Thelichoris","Thermobius","Vonones"

"Excluded taxa:"
" ","None"

"Renamed taxa:","New Name","Original Name"
" ","None","None"

"Index","Block","Name","Type","Activity","Weight","Prealigned","Alphabet","TCM"
"0","chel-16.fas#0","chel-16.fas#0","NucSeq","active","1.0","unaligned","-,A,C,G,T","[[0],[1,0],[1,1,0],[1,1,1,0],[1,1,1,1,0]]"
