"Input data contained:"
,"109 terminal taxa"
,"1 input data files"
,"1 character blocks"
,"1 total characters"

"Terminal taxa:"
" ","Eucarida_Decapoda_Dendrobranchiata_Penaeoidea_Aristeidae_Aristeomorpha_foliacea_NC_039153","Eucarida_Decapoda_Dendrobranchiata_Penaeoidea_Aristeidae_Aristeus_virilis_NC_039154","Eucarida_Decapoda_Dendrobranchiata_Penaeoidea_Benthesicymidae_Benthonectes_filipes_NC_039171","Eucarida_Decapoda_Dendrobranchiata_Penaeoidea_Benthesicymidae_Gennadas_parvus_NC_039170","Eucarida_Decapoda_Dendrobranchiata_Penaeoidea_Penaeidae_Metapenaeopsis_barbata_MG833230","Eucarida_Decapoda_Dendrobranchiata_Penaeoidea_Penaeidae_Metapenaeopsis_dalei_NC_029457","Eucarida_Decapoda_Dendrobranchiata_Penaeoidea_Penaeidae_Metapenaeus_affinis_NC_039179","Eucarida_Decapoda_Dendrobranchiata_Penaeoidea_Penaeidae_Metapenaeus_ensis_NC_026834","Eucarida_Decapoda_Dendrobranchiata_Penaeoidea_Penaeidae_Parapenaeopsis_hardwickii_KU899136","Eucarida_Decapoda_Dendrobranchiata_Penaeoidea_Penaeidae_Parapenaeopsis_hungerfordi_NC_038069"
" ","Eucarida_Decapoda_Dendrobranchiata_Penaeoidea_Sicyoniidae_Sicyonia_japonica_NC_039167","Eucarida_Decapoda_Dendrobranchiata_Penaeoidea_Sicyoniidae_Sicyonia_lancifer_NC_039168","Eucarida_Decapoda_Dendrobranchiata_Penaeoidea_Sicyoniidae_Sicyonia_parajaponica_MF379619","Eucarida_Decapoda_Dendrobranchiata_Penaeoidea_Solenoceridae_Hymenopenaeus_neptunus_NC_039169","Eucarida_Decapoda_Dendrobranchiata_Penaeoidea_Solenoceridae_Pleoticus_muelleri_NC_039964","Eucarida_Decapoda_Dendrobranchiata_Penaeoidea_Solenoceridae_Solenocera_crassicornis_NC_030280","Eucarida_Decapoda_Dendrobranchiata_Sergestoidea_Luciferidae_Belzebub_intermedius_NC_039641","Eucarida_Decapoda_Dendrobranchiata_Sergestoidea_Sergestidae_Acetes_chinensis_NC_017600","Eucarida_Decapoda_Dendrobranchiata_Sergestoidea_Sergestidae_Sergia_lucens_NC_037043","Eucarida_Decapoda_Pleocyemata_Achelata_Palinuroidea_Palinuridae_Panulirus_argus_NC_039671"
" ","Eucarida_Decapoda_Pleocyemata_Achelata_Palinuroidea_Palinuridae_Panulirus_cygnus_NC_028024","Eucarida_Decapoda_Pleocyemata_Achelata_Palinuroidea_Palinuridae_Panulirus_homarus_NC_016015","Eucarida_Decapoda_Pleocyemata_Anomura_Galatheoidea_Porcellanidae_Petrolisthes_haswelli_NC_025572","Eucarida_Decapoda_Pleocyemata_Anomura_Paguroidea_Diogenidae_Clibanarius_infraspinatus_NC_025776","Eucarida_Decapoda_Pleocyemata_Anomura_Paguroidea_Lithodidae_Lithodes_nintokuae_NC_024202","Eucarida_Decapoda_Pleocyemata_Anomura_Paguroidea_Lithodidae_Paralithodes_brevipes_NC_021458","Eucarida_Decapoda_Pleocyemata_Anomura_Paguroidea_Lithodidae_Paralithodes_camtschaticus_NC_020029","Eucarida_Decapoda_Pleocyemata_Anomura_Paguroidea_Paguridae_Pagurus_filholi_LC222528","Eucarida_Decapoda_Pleocyemata_Anomura_Paguroidea_Paguridae_Pagurus_japonicus_LC222532","Eucarida_Decapoda_Pleocyemata_Anomura_Paguroidea_Paguridae_Pagurus_longicarpus_NC_003058"
" ","Eucarida_Decapoda_Pleocyemata_Anomura_Paguroidea_Paguridae_Pagurus_minutus_LC222533","Eucarida_Decapoda_Pleocyemata_Astacidea_Astacoidea_Astacidae_Austropotamobius_pallipes_NC_026560","Eucarida_Decapoda_Pleocyemata_Astacidea_Astacoidea_Astacidae_Austropotamobius_torrentium_NC_033504","Eucarida_Decapoda_Pleocyemata_Astacidea_Astacoidea_Astacidae_Pacifastacus_leniusculus_NC_033509","Eucarida_Decapoda_Pleocyemata_Astacidea_Astacoidea_Cambaridae_Cambaroides_dauricus_NC_033505","Eucarida_Decapoda_Pleocyemata_Astacidea_Astacoidea_Cambaridae_Procambarus_clarkii_NC_016926","Eucarida_Decapoda_Pleocyemata_Astacidea_Astacoidea_Cambaridae_Procambarus_fallax_NC_020021","Eucarida_Decapoda_Pleocyemata_Astacidea_Enoplometopoidea_Enoplometopidae_Enoplometopus_debelius_NC_025592","Eucarida_Decapoda_Pleocyemata_Astacidea_Nephropoidea_Nephropidae_Homarus_americanus_NC_015607","Eucarida_Decapoda_Pleocyemata_Astacidea_Nephropoidea_Nephropidae_Nephrops_norvegicus_NC_025958"
" ","Eucarida_Decapoda_Pleocyemata_Astacidea_Parastacoidea_Parastacidae_Astacopsis_gouldi_NC_026215","Eucarida_Decapoda_Pleocyemata_Astacidea_Parastacoidea_Parastacidae_Cherax_preissii_NC_023482","Eucarida_Decapoda_Pleocyemata_Astacidea_Parastacoidea_Parastacidae_Geocharax_gracilis_NC_023810","Eucarida_Decapoda_Pleocyemata_Astacidea_Parastacoidea_Parastacidae_Gramastacus_insolitus_NC_030531","Eucarida_Decapoda_Pleocyemata_Astacidea_Parastacoidea_Parastacidae_Gramastacus_lacus_NC_024295","Eucarida_Decapoda_Pleocyemata_Astacidea_Parastacoidea_Parastacidae_Paranephrops_planifrons_NC_025957","Eucarida_Decapoda_Pleocyemata_Astacidea_Parastacoidea_Parastacidae_Tenuibranchiurus_glypticus_NC_025647","Eucarida_Decapoda_Pleocyemata_Axiidea_Callianassidae_Callianassa_ceramica_NC_031154","Eucarida_Decapoda_Pleocyemata_Axiidea_Callianassidae_Corallianassa_coutierei_NC_020025","Eucarida_Decapoda_Pleocyemata_Axiidea_Callianassidae_Nihonotrypaea_harmandi_NC_034298"
" ","Eucarida_Decapoda_Pleocyemata_Axiidea_Callianassidae_Nihonotrypaea_japonica_NC_020351","Eucarida_Decapoda_Pleocyemata_Axiidea_Callianassidae_Nihonotrypaea_thermophila_NC_019610","Eucarida_Decapoda_Pleocyemata_Axiidea_Callianassidae_Trypaea_australiensis_NC_026225","Eucarida_Decapoda_Pleocyemata_Axiidea_Strahlaxiidae_Neaxius_glyptocercus_NC_019609","Eucarida_Decapoda_Pleocyemata_Brachyura_Dromiacea_Dromioidea_Dynomenidae_Dynomene_pilumnoides_KT182070","Eucarida_Decapoda_Pleocyemata_Brachyura_Dromiacea_Homoloidea_Homolidae_Homologenus_malayensis_NC_026080","Eucarida_Decapoda_Pleocyemata_Brachyura_Dromiacea_Homoloidea_Homolidae_Moloha_majora_NC_029361","Eucarida_Decapoda_Pleocyemata_Brachyura_Eubrachyura_Bythograeoidea_Bythograeidae_Austinograea_alayseae_NC_020314","Eucarida_Decapoda_Pleocyemata_Brachyura_Eubrachyura_Bythograeoidea_Bythograeidae_Austinograea_rodriguezensis_NC_020312","Eucarida_Decapoda_Pleocyemata_Brachyura_Eubrachyura_Portunoidea_Portunidae_Portunus_pelagicus_NC_026209"
" ","Eucarida_Decapoda_Pleocyemata_Brachyura_Eubrachyura_Portunoidea_Portunidae_Portunus_sanguinolentus_NC_028225","Eucarida_Decapoda_Pleocyemata_Brachyura_Eubrachyura_Portunoidea_Portunidae_Portunus_trituberculatus_NC_005037","Eucarida_Decapoda_Pleocyemata_Brachyura_Eubrachyura_Potamoidea_Potamidae_Potamiscus_motuoensis_KY285013","Eucarida_Decapoda_Pleocyemata_Brachyura_Eubrachyura_Potamoidea_Potamidae_Sinopotamon_yaanense_NC_036947","Eucarida_Decapoda_Pleocyemata_Brachyura_Eubrachyura_Raninoidea_Raninidae_Ranina_ranina_NC_023474","Eucarida_Decapoda_Pleocyemata_Brachyura_Eubrachyura_Raninoidea_Raninidae_Umalia_orientalis_NC_026688","Eucarida_Decapoda_Pleocyemata_Brachyura_Eubrachyura_Xanthoidea_Eriphiidae_Pseudocarcinus_gigas_NC_006891","Eucarida_Decapoda_Pleocyemata_Brachyura_Eubrachyura_Xanthoidea_Oziidae_Epixanthus_frontalis_NC_039110","Eucarida_Decapoda_Pleocyemata_Brachyura_Eubrachyura_Xanthoidea_Xanthidae_Atergatis_floridus_NC_037201","Eucarida_Decapoda_Pleocyemata_Brachyura_Eubrachyura_Xanthoidea_Xanthidae_Atergatis_integerrimus_NC_037172"
" ","Eucarida_Decapoda_Pleocyemata_Brachyura_Eubrachyura_Xanthoidea_Xanthidae_Leptodius_sanguineus_NC_029726","Eucarida_Decapoda_Pleocyemata_Caridea_Alpheoidea_Alpheidae_Alpheus_distinguendus_NC_014883","Eucarida_Decapoda_Pleocyemata_Caridea_Alpheoidea_Alpheidae_Alpheus_hoplocheles_NC_038068","Eucarida_Decapoda_Pleocyemata_Caridea_Alpheoidea_Alpheidae_Alpheus_japonicus_NC_038116","Eucarida_Decapoda_Pleocyemata_Caridea_Alpheoidea_Alpheidae_Alpheus_lobidens_KP276147","Eucarida_Decapoda_Pleocyemata_Caridea_Atyoidea_Atyidae_Caridina_gracilipes_NC_024751","Eucarida_Decapoda_Pleocyemata_Caridea_Atyoidea_Atyidae_Caridina_indistincta_A_NC_039593","Eucarida_Decapoda_Pleocyemata_Caridea_Bresilioidea_Alvinocarididae_Opaepele_loihi_NC_020311","Eucarida_Decapoda_Pleocyemata_Caridea_Bresilioidea_Alvinocarididae_Rimicaris_exoculata_NC_027116","Eucarida_Decapoda_Pleocyemata_Caridea_Bresilioidea_Alvinocarididae_Rimicaris_kairei_NC_020310"
" ","Eucarida_Decapoda_Pleocyemata_Caridea_Bresilioidea_Alvinocarididae_Shinkaicaris_leurokolos_NC_037487","Eucarida_Decapoda_Pleocyemata_Caridea_Crangonoidea_Crangonidae_Crangon_hakodatei_KU641481","Eucarida_Decapoda_Pleocyemata_Caridea_Nematocarcinoidea_Rhynchocinetidae_Rhynchocinetes_durbanensis_NC_029372","Eucarida_Decapoda_Pleocyemata_Caridea_Palaemonoidea_Palaemonidae_Hymenocera_picta_NC_039631","Eucarida_Decapoda_Pleocyemata_Caridea_Palaemonoidea_Palaemonidae_Macrobrachium_bullatum_NC_027602","Eucarida_Decapoda_Pleocyemata_Caridea_Palaemonoidea_Palaemonidae_Macrobrachium_lanchesteri_NC_012217","Eucarida_Decapoda_Pleocyemata_Caridea_Palaemonoidea_Palaemonidae_Macrobrachium_nipponense_NC_015073","Eucarida_Decapoda_Pleocyemata_Caridea_Palaemonoidea_Palaemonidae_Macrobrachium_rosenbergii_NC_006880","Eucarida_Decapoda_Pleocyemata_Caridea_Palaemonoidea_Palaemonidae_Palaemon_annandalei_NC_038117","Eucarida_Decapoda_Pleocyemata_Caridea_Palaemonoidea_Palaemonidae_Palaemon_capensis_NC_039373"
" ","Eucarida_Decapoda_Pleocyemata_Caridea_Palaemonoidea_Palaemonidae_Palaemon_carinicauda_NC_012566","Eucarida_Decapoda_Pleocyemata_Caridea_Palaemonoidea_Palaemonidae_Palaemon_gravieri_NC_029240","Eucarida_Decapoda_Pleocyemata_Caridea_Palaemonoidea_Palaemonidae_Palaemon_serenus_NC_027601","Eucarida_Decapoda_Pleocyemata_Caridea_Pandaloidea_Pandalidae_Chlorotocus_crassicornis_NC_035828","Eucarida_Decapoda_Pleocyemata_Caridea_Pandaloidea_Pandalidae_Pandalus_borealis_LC341266","Eucarida_Decapoda_Pleocyemata_Gebiidea_Thalassinidae_Thalassina_kelanang_NC_019608","Eucarida_Decapoda_Pleocyemata_Gebiidea_Thalassinidae_Thalassina_squamifera_NC_041157","Eucarida_Decapoda_Pleocyemata_Gebiidea_Upogebiidae_Austinogebia_edulis_NC_019606","Eucarida_Decapoda_Pleocyemata_Gebiidea_Upogebiidae_Upogebia_major_NC_019607","Eucarida_Decapoda_Pleocyemata_Gebiidea_Upogebiidae_Upogebia_pusilla_NC_020023"
" ","Eucarida_Decapoda_Pleocyemata_Gebiidea_Upogebiidae_Upogebia_yokoyai_NC_025943","Eucarida_Decapoda_Pleocyemata_Glypheidea_Glypheoidea_Glypheidae_Laurentaeglyphea_neocaledonica_NC_035679","Eucarida_Decapoda_Pleocyemata_Glypheidea_Glypheoidea_Glypheidae_Neoglyphea_inopinata_KT984197","Eucarida_Decapoda_Pleocyemata_Stenopodidea_Spongicolidae_Globospongicola_spinulatus_KU188326","Eucarida_Decapoda_Pleocyemata_Stenopodidea_Spongicolidae_Spongicola_levigatus_KU188325","Eucarida_Decapoda_Pleocyemata_Stenopodidea_Spongicolidae_Spongiocaris_panglao_NC_038166","Eucarida_Decapoda_Pleocyemata_Stenopodidea_Stenopodidae_Stenopus_hispidus_NC_018097","Eucarida_Decapoda_Pleocyemata_Stenopodidea_Stenopodidae_Stenopus_scutellatus_MF741653","Eucarida_Euphausiacea_Euphausiidae_Euphausia_pacifica_NC_016184"

"Excluded taxa:"
" ","None"

"Renamed taxa:","New Name","Original Name"
" ","None","None"

"Index","Block","Name","Type","Activity","Weight","Prealigned","Alphabet","TCM"
"0","dec258_12Saln_missing.fasta#0","dec258_12Saln_missing.fasta#0","AlignedSlim","active","1.0","prealigned","-,A,C,G,T","[[0],[1,0],[1,1,0],[1,1,1,0],[1,1,1,1,0]]"
