(Alentus:64.5,(Aportus:16.0,((Vonones:13.5,(Amblypygid:18.5,((Mastigoproctus:17.0,(Hypochilus:5.5,(Gea:38.5,Thelichoris:7.5)HTU25:2.5)HTU27:10.5)HTU18:5.0,((Chanbria:18.0,Limulus:16.0)HTU21:8.5,(Centruoides:15.5,(Hadrurus:15.0,Pauroctonus:3.5)HTU23:20.5)HTU22:10.0)HTU20:1.5)HTU19:13.0)HTU24:9.5)HTU26:14.0,(Thermobius:25.0,(Rhiphicephalus:33.0,(Americhernus:54.5,Artemia:44.0)HTU31:18.5)HTU30:13.0)HTU29:14.0)HTU28:28.5)HTU32:62.5)HTU17[426.0];
