(Eucarida_Decapoda_Dendrobranchiata_Penaeoidea_Aristeidae_Aristeomorpha_foliacea_NC_039153:63.0,(Eucarida_Decapoda_Dendrobranchiata_Penaeoidea_Aristeidae_Aristeus_virilis_NC_039154:78.5,((((Eucarida_Decapoda_Dendrobranchiata_Sergestoidea_Sergestidae_Sergia_lucens_NC_037043:131.5,((((Eucarida_Decapoda_Dendrobranchiata_Penaeoidea_Penaeidae_Metapenaeus_affinis_NC_039179:64.0,Eucarida_Decapoda_Dendrobranchiata_Penaeoidea_Penaeidae_Metapenaeus_ensis_NC_026834:46.5)HTU180:74.5,(Eucarida_Decapoda_Dendrobranchiata_Penaeoidea_Penaeidae_Parapenaeopsis_hardwickii_KU899136:80.0,Eucarida_Decapoda_Dendrobranchiata_Penaeoidea_Penaeidae_Parapenaeopsis_hungerfordi_NC_038069:72.5)HTU190:58.5)HTU145:58.0,(Eucarida_Decapoda_Dendrobranchiata_Penaeoidea_Sicyoniidae_Sicyonia_lancifer_NC_039168:69.0,(Eucarida_Decapoda_Dendrobranchiata_Penaeoidea_Sicyoniidae_Sicyonia_japonica_NC_039167:10.0,Eucarida_Decapoda_Dendrobranchiata_Penaeoidea_Sicyoniidae_Sicyonia_parajaponica_MF379619:10.0)HTU118:53.0)HTU177:105.5)HTU138:50.5,(Eucarida_Decapoda_Dendrobranchiata_Sergestoidea_Sergestidae_Acetes_chinensis_NC_017600:138.5,(Eucarida_Euphausiacea_Euphausiidae_Euphausia_pacifica_NC_016184:146.0,((Eucarida_Decapoda_Pleocyemata_Caridea_Crangonoidea_Crangonidae_Crangon_hakodatei_KU641481:159.5,(((Eucarida_Decapoda_Pleocyemata_Caridea_Palaemonoidea_Palaemonidae_Palaemon_gravieri_NC_029240:83.5,(Eucarida_Decapoda_Pleocyemata_Caridea_Palaemonoidea_Palaemonidae_Palaemon_annandalei_NC_038117:60.0,(Eucarida_Decapoda_Pleocyemata_Caridea_Palaemonoidea_Palaemonidae_Palaemon_carinicauda_NC_012566:71.0,Eucarida_Decapoda_Pleocyemata_Caridea_Palaemonoidea_Palaemonidae_Palaemon_serenus_NC_027601:123.5)HTU191:36.5)HTU178:43.0)HTU163:84.0,(Eucarida_Decapoda_Pleocyemata_Caridea_Palaemonoidea_Palaemonidae_Palaemon_capensis_NC_039373:112.5,(Eucarida_Decapoda_Pleocyemata_Caridea_Palaemonoidea_Palaemonidae_Hymenocera_picta_NC_039631:135.0,((Eucarida_Decapoda_Pleocyemata_Caridea_Palaemonoidea_Palaemonidae_Macrobrachium_bullatum_NC_027602:57.5,Eucarida_Decapoda_Pleocyemata_Caridea_Palaemonoidea_Palaemonidae_Macrobrachium_nipponense_NC_015073:52.0)HTU171:37.5,(Eucarida_Decapoda_Pleocyemata_Caridea_Palaemonoidea_Palaemonidae_Macrobrachium_lanchesteri_NC_012217:54.0,Eucarida_Decapoda_Pleocyemata_Caridea_Palaemonoidea_Palaemonidae_Macrobrachium_rosenbergii_NC_006880:62.5)HTU189:44.0)HTU179:71.0)HTU155:54.0)HTU183:51.0)HTU111:60.5,(Eucarida_Decapoda_Pleocyemata_Caridea_Pandaloidea_Pandalidae_Chlorotocus_crassicornis_NC_035828:104.0,(Eucarida_Decapoda_Pleocyemata_Caridea_Pandaloidea_Pandalidae_Pandalus_borealis_LC341266:115.0,(Eucarida_Decapoda_Pleocyemata_Caridea_Bresilioidea_Alvinocarididae_Opaepele_loihi_NC_020311:30.0,(Eucarida_Decapoda_Pleocyemata_Caridea_Bresilioidea_Alvinocarididae_Shinkaicaris_leurokolos_NC_037487:14.0,(Eucarida_Decapoda_Pleocyemata_Caridea_Bresilioidea_Alvinocarididae_Rimicaris_exoculata_NC_027116:10.5,Eucarida_Decapoda_Pleocyemata_Caridea_Bresilioidea_Alvinocarididae_Rimicaris_kairei_NC_020310:12.5)HTU200:15.0)HTU214:12.0)HTU201:100.0)HTU158:49.5)HTU154:66.0)HTU143:70.5)HTU115:62.0,((((((Eucarida_Decapoda_Pleocyemata_Stenopodidea_Stenopodidae_Stenopus_scutellatus_MF741653:153.5,(Eucarida_Decapoda_Pleocyemata_Stenopodidea_Spongicolidae_Globospongicola_spinulatus_KU188326:112.0,Eucarida_Decapoda_Pleocyemata_Stenopodidea_Spongicolidae_Spongicola_levigatus_KU188325:119.5)HTU186:110.5)HTU149:209.5,(Eucarida_Decapoda_Pleocyemata_Stenopodidea_Spongicolidae_Spongiocaris_panglao_NC_038166:124.5,Eucarida_Decapoda_Pleocyemata_Stenopodidea_Stenopodidae_Stenopus_hispidus_NC_018097:129.5)HTU172:82.5)HTU127:147.0,(Eucarida_Decapoda_Pleocyemata_Anomura_Paguroidea_Diogenidae_Clibanarius_infraspinatus_NC_025776:230.0,(Eucarida_Decapoda_Pleocyemata_Caridea_Nematocarcinoidea_Rhynchocinetidae_Rhynchocinetes_durbanensis_NC_029372:232.5,(Eucarida_Decapoda_Pleocyemata_Axiidea_Strahlaxiidae_Neaxius_glyptocercus_NC_019609:138.5,(Eucarida_Decapoda_Pleocyemata_Axiidea_Callianassidae_Corallianassa_coutierei_NC_020025:135.5,((Eucarida_Decapoda_Pleocyemata_Axiidea_Callianassidae_Nihonotrypaea_thermophila_NC_019610:30.0,(Eucarida_Decapoda_Pleocyemata_Axiidea_Callianassidae_Nihonotrypaea_harmandi_NC_034298:14.5,Eucarida_Decapoda_Pleocyemata_Axiidea_Callianassidae_Nihonotrypaea_japonica_NC_020351:18.5)HTU212:22.0)HTU137:77.0,(Eucarida_Decapoda_Pleocyemata_Axiidea_Callianassidae_Callianassa_ceramica_NC_031154:73.0,Eucarida_Decapoda_Pleocyemata_Axiidea_Callianassidae_Trypaea_australiensis_NC_026225:79.0)HTU199:58.0)HTU188:54.0)HTU123:78.0)HTU166:113.0)HTU129:68.5)HTU153:71.0)HTU121:56.5,(((Eucarida_Decapoda_Pleocyemata_Caridea_Alpheoidea_Alpheidae_Alpheus_japonicus_NC_038116:99.5,Eucarida_Decapoda_Pleocyemata_Caridea_Alpheoidea_Alpheidae_Alpheus_lobidens_KP276147:115.5)HTU167:68.0,(Eucarida_Decapoda_Pleocyemata_Caridea_Alpheoidea_Alpheidae_Alpheus_distinguendus_NC_014883:88.5,Eucarida_Decapoda_Pleocyemata_Caridea_Alpheoidea_Alpheidae_Alpheus_hoplocheles_NC_038068:97.5)HTU193:72.5)HTU165:165.0,(Eucarida_Decapoda_Pleocyemata_Caridea_Atyoidea_Atyidae_Caridina_gracilipes_NC_024751:73.0,Eucarida_Decapoda_Pleocyemata_Caridea_Atyoidea_Atyidae_Caridina_indistincta_A_NC_039593:64.0)HTU168:136.0)HTU132:92.0)HTU124:54.5,(Eucarida_Decapoda_Dendrobranchiata_Sergestoidea_Luciferidae_Belzebub_intermedius_NC_039641:240.5,((Eucarida_Decapoda_Pleocyemata_Brachyura_Eubrachyura_Raninoidea_Raninidae_Ranina_ranina_NC_023474:198.5,((((((Eucarida_Decapoda_Pleocyemata_Astacidea_Enoplometopoidea_Enoplometopidae_Enoplometopus_debelius_NC_025592:103.5,(Eucarida_Decapoda_Pleocyemata_Astacidea_Nephropoidea_Nephropidae_Homarus_americanus_NC_015607:45.0,Eucarida_Decapoda_Pleocyemata_Astacidea_Nephropoidea_Nephropidae_Nephrops_norvegicus_NC_025958:33.5)HTU198:94.0)HTU139:64.5,(Eucarida_Decapoda_Pleocyemata_Glypheidea_Glypheoidea_Glypheidae_Laurentaeglyphea_neocaledonica_NC_035679:35.0,Eucarida_Decapoda_Pleocyemata_Glypheidea_Glypheoidea_Glypheidae_Neoglyphea_inopinata_KT984197:36.5)HTU141:95.0)HTU133:70.0,(Eucarida_Decapoda_Pleocyemata_Gebiidea_Upogebiidae_Upogebia_pusilla_NC_020023:96.0,(Eucarida_Decapoda_Pleocyemata_Gebiidea_Upogebiidae_Austinogebia_edulis_NC_019606:63.5,(Eucarida_Decapoda_Pleocyemata_Gebiidea_Upogebiidae_Upogebia_major_NC_019607:61.5,Eucarida_Decapoda_Pleocyemata_Gebiidea_Upogebiidae_Upogebia_yokoyai_NC_025943:73.0)HTU208:33.5)HTU170:57.5)HTU148:92.5)HTU126:50.0,(Eucarida_Decapoda_Pleocyemata_Anomura_Paguroidea_Paguridae_Pagurus_longicarpus_NC_003058:64.5,((Eucarida_Decapoda_Pleocyemata_Anomura_Paguroidea_Paguridae_Pagurus_minutus_LC222533:23.0,(Eucarida_Decapoda_Pleocyemata_Anomura_Paguroidea_Paguridae_Pagurus_filholi_LC222528:15.0,Eucarida_Decapoda_Pleocyemata_Anomura_Paguroidea_Paguridae_Pagurus_japonicus_LC222532:17.0)HTU196:21.0)HTU184:44.5,(Eucarida_Decapoda_Pleocyemata_Anomura_Paguroidea_Lithodidae_Paralithodes_brevipes_NC_021458:25.0,(Eucarida_Decapoda_Pleocyemata_Anomura_Paguroidea_Lithodidae_Lithodes_nintokuae_NC_024202:25.0,Eucarida_Decapoda_Pleocyemata_Anomura_Paguroidea_Lithodidae_Paralithodes_camtschaticus_NC_020029:21.0)HTU181:23.5)HTU209:42.5)HTU182:56.5)HTU159:116.5)HTU134:67.0,(((Eucarida_Decapoda_Pleocyemata_Astacidea_Parastacoidea_Parastacidae_Cherax_preissii_NC_023482:155.5,(((Eucarida_Decapoda_Pleocyemata_Astacidea_Parastacoidea_Parastacidae_Geocharax_gracilis_NC_023810:93.0,Eucarida_Decapoda_Pleocyemata_Astacidea_Parastacoidea_Parastacidae_Tenuibranchiurus_glypticus_NC_025647:111.0)HTU174:50.5,(Eucarida_Decapoda_Pleocyemata_Astacidea_Parastacoidea_Parastacidae_Gramastacus_insolitus_NC_030531:46.0,Eucarida_Decapoda_Pleocyemata_Astacidea_Parastacoidea_Parastacidae_Gramastacus_lacus_NC_024295:45.5)HTU205:69.0)HTU142:64.0,(Eucarida_Decapoda_Pleocyemata_Astacidea_Parastacoidea_Parastacidae_Astacopsis_gouldi_NC_026215:107.5,Eucarida_Decapoda_Pleocyemata_Astacidea_Parastacoidea_Parastacidae_Paranephrops_planifrons_NC_025957:105.0)HTU185:58.5)HTU176:57.0)HTU128:62.0,((Eucarida_Decapoda_Pleocyemata_Astacidea_Astacoidea_Cambaridae_Cambaroides_dauricus_NC_033505:76.5,(Eucarida_Decapoda_Pleocyemata_Astacidea_Astacoidea_Astacidae_Pacifastacus_leniusculus_NC_033509:85.0,(Eucarida_Decapoda_Pleocyemata_Astacidea_Astacoidea_Cambaridae_Procambarus_clarkii_NC_016926:48.0,Eucarida_Decapoda_Pleocyemata_Astacidea_Astacoidea_Cambaridae_Procambarus_fallax_NC_020021:49.0)HTU202:62.0)HTU150:37.0)HTU136:33.5,(Eucarida_Decapoda_Pleocyemata_Astacidea_Astacoidea_Astacidae_Austropotamobius_pallipes_NC_026560:49.5,Eucarida_Decapoda_Pleocyemata_Astacidea_Astacoidea_Astacidae_Austropotamobius_torrentium_NC_033504:54.0)HTU156:57.0)HTU135:98.5)HTU114:68.5,((Eucarida_Decapoda_Pleocyemata_Brachyura_Dromiacea_Homoloidea_Homolidae_Moloha_majora_NC_029361:41.5,Eucarida_Decapoda_Pleocyemata_Brachyura_Eubrachyura_Raninoidea_Raninidae_Umalia_orientalis_NC_026688:65.0)HTU173:116.5,(Eucarida_Decapoda_Pleocyemata_Brachyura_Dromiacea_Dromioidea_Dynomenidae_Dynomene_pilumnoides_KT182070:140.5,Eucarida_Decapoda_Pleocyemata_Brachyura_Dromiacea_Homoloidea_Homolidae_Homologenus_malayensis_NC_026080:107.5)HTU210:48.5)HTU164:78.0)HTU151:43.0)HTU120:67.5,((Eucarida_Decapoda_Pleocyemata_Brachyura_Eubrachyura_Potamoidea_Potamidae_Potamiscus_motuoensis_KY285013:80.0,Eucarida_Decapoda_Pleocyemata_Brachyura_Eubrachyura_Potamoidea_Potamidae_Sinopotamon_yaanense_NC_036947:97.5)HTU175:129.5,(((Eucarida_Decapoda_Pleocyemata_Brachyura_Eubrachyura_Xanthoidea_Xanthidae_Atergatis_floridus_NC_037201:78.0,Eucarida_Decapoda_Pleocyemata_Brachyura_Eubrachyura_Xanthoidea_Xanthidae_Atergatis_integerrimus_NC_037172:89.0)HTU147:89.5,(Eucarida_Decapoda_Pleocyemata_Brachyura_Eubrachyura_Xanthoidea_Xanthidae_Leptodius_sanguineus_NC_029726:132.0,(Eucarida_Decapoda_Pleocyemata_Brachyura_Eubrachyura_Xanthoidea_Oziidae_Epixanthus_frontalis_NC_039110:105.5,(Eucarida_Decapoda_Pleocyemata_Brachyura_Eubrachyura_Xanthoidea_Eriphiidae_Pseudocarcinus_gigas_NC_006891:109.0,(Eucarida_Decapoda_Pleocyemata_Brachyura_Eubrachyura_Bythograeoidea_Bythograeidae_Austinograea_alayseae_NC_020314:63.0,Eucarida_Decapoda_Pleocyemata_Brachyura_Eubrachyura_Bythograeoidea_Bythograeidae_Austinograea_rodriguezensis_NC_020312:57.0)HTU162:72.0)HTU187:42.5)HTU146:66.0)HTU206:57.0)HTU144:59.5,(Eucarida_Decapoda_Pleocyemata_Brachyura_Eubrachyura_Portunoidea_Portunidae_Portunus_pelagicus_NC_026209:63.0,(Eucarida_Decapoda_Pleocyemata_Brachyura_Eubrachyura_Portunoidea_Portunidae_Portunus_sanguinolentus_NC_028225:84.5,Eucarida_Decapoda_Pleocyemata_Brachyura_Eubrachyura_Portunoidea_Portunidae_Portunus_trituberculatus_NC_005037:47.0)HTU213:41.0)HTU211:133.0)HTU203:92.0)HTU152:91.5)HTU112:52.0)HTU160:57.5,(Eucarida_Decapoda_Pleocyemata_Anomura_Galatheoidea_Porcellanidae_Petrolisthes_haswelli_NC_025572:196.5,(Eucarida_Decapoda_Pleocyemata_Gebiidea_Thalassinidae_Thalassina_kelanang_NC_019608:22.5,Eucarida_Decapoda_Pleocyemata_Gebiidea_Thalassinidae_Thalassina_squamifera_NC_041157:31.5)HTU169:169.0)HTU161:80.5)HTU119:65.0)HTU157:66.5)HTU140:62.0,(Eucarida_Decapoda_Pleocyemata_Achelata_Palinuroidea_Palinuridae_Panulirus_homarus_NC_016015:113.0,(Eucarida_Decapoda_Pleocyemata_Achelata_Palinuroidea_Palinuridae_Panulirus_argus_NC_039671:116.0,Eucarida_Decapoda_Pleocyemata_Achelata_Palinuroidea_Palinuridae_Panulirus_cygnus_NC_028024:126.5)HTU197:66.0)HTU195:207.5)HTU192:77.5)HTU110:62.5)HTU131:66.0)HTU207:73.5)HTU113:44.5)HTU122:44.0,(Eucarida_Decapoda_Dendrobranchiata_Penaeoidea_Penaeidae_Metapenaeopsis_barbata_MG833230:45.0,Eucarida_Decapoda_Dendrobranchiata_Penaeoidea_Penaeidae_Metapenaeopsis_dalei_NC_029457:60.0)HTU215:79.5)HTU117:44.0,(Eucarida_Decapoda_Dendrobranchiata_Penaeoidea_Solenoceridae_Solenocera_crassicornis_NC_030280:78.5,(Eucarida_Decapoda_Dendrobranchiata_Penaeoidea_Solenoceridae_Hymenopenaeus_neptunus_NC_039169:51.5,Eucarida_Decapoda_Dendrobranchiata_Penaeoidea_Solenoceridae_Pleoticus_muelleri_NC_039964:66.5)HTU194:33.0)HTU204:50.5)HTU116:56.5,(Eucarida_Decapoda_Dendrobranchiata_Penaeoidea_Benthesicymidae_Benthonectes_filipes_NC_039171:92.0,Eucarida_Decapoda_Dendrobranchiata_Penaeoidea_Benthesicymidae_Gennadas_parvus_NC_039170:88.5)HTU130:49.5)HTU125:34.5)HTU216:43.5)HTU109[14194.0];
