(AlbanianTosk:68.0,(Scots:27.5,(EasternFrisianSaterland:26.5,((Irish:34.0,(AncientIonicGreek:36.5,(Cornish:26.0,(Manx:23.0,(Danish:28.5,OldPrussian:29.5)HTU20:19.0)HTU21:19.0)HTU19:18.5)HTU17:14.0)HTU24:12.5,(Faroese:20.5,(ArmenianWestern:27.5,((Yiddish:29.5,(Icelandic:54.5,KolschColognian:35.0)HTU30:21.5)HTU25:26.0,(Assamese:21.0,SanskritVedic:24.0)HTU26:26.5)HTU23:18.5)HTU22:19.0)HTU27:12.5)HTU18:14.0)HTU28:18.5)HTU29:50.5)HTU16[689.0];
