(AlbanianTosk:4635.8,((ArmenianWestern:2027.95,(((AncientIonicGreek:2529.8,(Assamese:1025.8000000000002,SanskritVedic:946.1)HTU22:1936.6)HTU21:2839.1,(Yiddish:3223.7999999999997,(Icelandic:2069.9,KolschColognian:3084.1)HTU23:4595.25)HTU25:2415.1)HTU17:2434.1499999999996,(Faroese:541.1,(EasternFrisianSaterland:1088.35,Scots:794.6)HTU20:426.1)HTU27:1298.9)HTU18:1210.7)HTU19:818.6,(Irish:1235.6,(Manx:928.2,(OldPrussian:850.4,(Cornish:918.5999999999999,Danish:644.0)HTU26:470.6)HTU24:417.15000000000003)HTU29:737.2)HTU28:658.25)HTU30:4381.3)HTU16[28806.6];
