(AlbanianTosk:5184.7,((ArmenianWestern:2601.65,(((Yiddish:3635.7999999999997,(Icelandic:2754.4,KolschColognian:3739.1)HTU28:5034.75)HTU17:2906.1,(AncientIonicGreek:3131.3,(Assamese:1447.8000000000002,SanskritVedic:1319.1)HTU25:2191.6)HTU23:3062.1)HTU19:2640.45,(EasternFrisianSaterland:1510.95,(Faroese:1116.6,Scots:1341.6)HTU29:717.5)HTU21:1635.2)HTU18:1413.2)HTU22:836.1,(Irish:1763.3000000000002,((Danish:1342.5,OldPrussian:1443.4)HTU24:370.65000000000003,(Cornish:1311.55,Manx:1113.7)HTU27:611.1)HTU20:956.0)HTU26:796.75)HTU30:4699.2)HTU16[36064.1];
(AlbanianTosk:5172.2,((ArmenianWestern:2598.65,((EasternFrisianSaterland:1503.95,(Faroese:1116.6,Scots:1344.6)HTU22:711.5)HTU19:1637.7,((AncientIonicGreek:3069.3,(Assamese:1377.8000000000002,SanskritVedic:1254.1)HTU29:2199.1)HTU23:3179.6,(Yiddish:3761.7999999999997,(Icelandic:2847.9,KolschColognian:3837.1)HTU26:5001.25)HTU25:2708.6)HTU20:2642.45)HTU24:1413.2)HTU17:846.6,(Irish:1766.3000000000002,((Cornish:1316.55,Manx:1117.2)HTU18:612.1,(Danish:1350.5,OldPrussian:1447.4)HTU28:369.65000000000003)HTU27:947.5)HTU21:806.25)HTU30:4638.7)HTU16[36064.1];
(AlbanianTosk:5184.7,((ArmenianWestern:2601.65,((EasternFrisianSaterland:1510.95,(Faroese:1116.6,Scots:1341.6)HTU28:717.5)HTU20:1635.2,((Yiddish:3635.7999999999997,(Icelandic:2754.4,KolschColognian:3739.1)HTU21:5034.75)HTU19:2906.1,(AncientIonicGreek:3131.3,(Assamese:1447.8000000000002,SanskritVedic:1319.1)HTU25:2191.6)HTU24:3062.1)HTU23:2640.45)HTU22:1413.2)HTU18:836.1,(Irish:1763.3000000000002,((Danish:1342.5,OldPrussian:1443.4)HTU27:370.65000000000003,(Cornish:1311.55,Manx:1113.7)HTU29:611.1)HTU17:956.0)HTU26:796.75)HTU30:4699.2)HTU16[36064.1];
(AlbanianTosk:5184.7,((Irish:1763.3000000000002,((Cornish:1311.55,Manx:1113.7)HTU21:611.1,(Danish:1342.5,OldPrussian:1443.4)HTU26:370.65000000000003)HTU23:956.0)HTU18:796.75,(ArmenianWestern:2601.65,((EasternFrisianSaterland:1510.95,(Faroese:1116.6,Scots:1341.6)HTU22:717.5)HTU20:1635.2,((Yiddish:3635.7999999999997,(Icelandic:2754.4,KolschColognian:3739.1)HTU17:5034.75)HTU19:2906.1,(AncientIonicGreek:3131.3,(Assamese:1447.8000000000002,SanskritVedic:1319.1)HTU25:2191.6)HTU28:3062.1)HTU24:2640.45)HTU29:1413.2)HTU27:836.1)HTU30:4699.2)HTU16[36064.1];
(AlbanianTosk:5184.7,((Irish:1763.3000000000002,((Cornish:1311.55,Manx:1113.7)HTU20:611.1,(Danish:1342.5,OldPrussian:1443.4)HTU27:370.65000000000003)HTU17:956.0)HTU19:796.75,(ArmenianWestern:2601.65,(((Yiddish:3635.7999999999997,(Icelandic:2754.4,KolschColognian:3739.1)HTU26:5034.75)HTU22:2906.1,(AncientIonicGreek:3131.3,(Assamese:1447.8000000000002,SanskritVedic:1319.1)HTU24:2191.6)HTU25:3062.1)HTU18:2640.45,(EasternFrisianSaterland:1510.95,(Faroese:1116.6,Scots:1341.6)HTU28:717.5)HTU23:1635.2)HTU21:1413.2)HTU29:836.1)HTU30:4699.2)HTU16[36064.1];
(AlbanianTosk:5184.7,((Irish:1763.3000000000002,((Danish:1342.5,OldPrussian:1443.4)HTU20:370.65000000000003,(Cornish:1311.55,Manx:1113.7)HTU23:611.1)HTU18:956.0)HTU22:796.75,(ArmenianWestern:2601.65,((EasternFrisianSaterland:1510.95,(Faroese:1116.6,Scots:1341.6)HTU29:717.5)HTU19:1635.2,((Yiddish:3635.7999999999997,(Icelandic:2754.4,KolschColognian:3739.1)HTU27:5034.75)HTU21:2906.1,(AncientIonicGreek:3131.3,(Assamese:1447.8000000000002,SanskritVedic:1319.1)HTU26:2191.6)HTU25:3062.1)HTU24:2640.45)HTU17:1413.2)HTU28:836.1)HTU30:4699.2)HTU16[36064.1];
(AlbanianTosk:5172.2,((Irish:1766.3000000000002,((Cornish:1316.55,Manx:1117.2)HTU18:612.1,(Danish:1350.5,OldPrussian:1447.4)HTU27:369.65000000000003)HTU17:947.5)HTU22:806.25,(ArmenianWestern:2598.65,(((AncientIonicGreek:3069.3,(Assamese:1377.8000000000002,SanskritVedic:1254.1)HTU28:2199.1)HTU19:3179.6,(Yiddish:3761.7999999999997,(Icelandic:2847.9,KolschColognian:3837.1)HTU24:5001.25)HTU20:2708.6)HTU21:2642.45,(EasternFrisianSaterland:1503.95,(Faroese:1116.6,Scots:1344.6)HTU29:711.5)HTU26:1637.7)HTU23:1413.2)HTU25:846.6)HTU30:4638.7)HTU16[36064.1];
(AlbanianTosk:5352.2,(ArmenianWestern:2067.15,((((AncientIonicGreek:3211.3,(Assamese:1564.3000000000002,SanskritVedic:1437.6)HTU25:2218.6)HTU24:3038.6,(Yiddish:3745.7999999999997,(Icelandic:2740.9,KolschColognian:3609.6)HTU29:5115.75)HTU27:2850.6)HTU17:2603.45,(EasternFrisianSaterland:1631.45,(Faroese:1228.1,Scots:1528.1)HTU28:740.0)HTU21:1667.7)HTU20:1323.2,(Irish:1932.8000000000002,((Cornish:1446.55,Manx:1247.2)HTU22:612.1,(Danish:1445.0,OldPrussian:1613.9)HTU26:340.65000000000003)HTU19:915.5)HTU23:745.25)HTU18:1124.1)HTU30:4643.7)HTU16[36059.1];
(AlbanianTosk:5352.2,(ArmenianWestern:2067.15,(((EasternFrisianSaterland:1631.45,(Faroese:1228.1,Scots:1528.1)HTU23:740.0)HTU18:1667.7,((Yiddish:3745.7999999999997,(Icelandic:2740.9,KolschColognian:3609.6)HTU25:5115.75)HTU21:2850.6,(AncientIonicGreek:3211.3,(Assamese:1564.3000000000002,SanskritVedic:1437.6)HTU27:2218.6)HTU26:3038.6)HTU20:2603.45)HTU19:1323.2,(Irish:1932.8000000000002,((Danish:1445.0,OldPrussian:1613.9)HTU17:340.65000000000003,(Cornish:1446.55,Manx:1247.2)HTU24:612.1)HTU22:915.5)HTU29:745.25)HTU28:1124.1)HTU30:4643.7)HTU16[36059.1];
(AlbanianTosk:5261.3,((ArmenianWestern:2582.45,(((Yiddish:3666.7999999999997,(Icelandic:2722.9,KolschColognian:3718.6)HTU28:4984.75)HTU17:2845.6,(AncientIonicGreek:3132.8,(Assamese:1450.3000000000002,SanskritVedic:1328.6)HTU25:2184.6)HTU23:3133.6)HTU19:2594.1499999999996,(Faroese:1042.1,(EasternFrisianSaterland:1668.35,Scots:1313.1)HTU21:610.1)HTU29:1482.9)HTU18:1331.7)HTU22:871.6,(Irish:1763.1,((Danish:1343.5,OldPrussian:1436.9)HTU24:368.65000000000003,(Cornish:1309.05,Manx:1113.2)HTU27:606.6)HTU20:954.2)HTU26:787.25)HTU30:4767.8)HTU16[35957.5];
