"Input data contained:"
,"17 terminal taxa"
,"2 input data files"
,"2 character blocks"
,"2 total characters"

"Terminal taxa:"
" ","Alentus","Amblypygid","Americhernus","Aportus","Artemia","Centruoides","Chanbria","Gea","Hadrurus","Hypochilus"
" ","Limulus","Mastigoproctus","Pauroctonus","Rhiphicephalus","Thelichoris","Thermobius","Vonones"

"Excluded taxa:"
" ","None"

"Renamed taxa:","New Name","Original Name"
" ","None","None"

"Index","Block","Name","Type","Activity","Weight","Prealigned","Alphabet","TCM"
"0","chel-wide.fastc#0","chel-wide.fastc#0","AlignedWide","active","1.0","prealigned","-,------------------------------------MNPEYDYLFKLLLIGDSGVGKSCLLLRFADDTYTESYISTIGVDFKIRTIELDGKTIKLQIWDTAGQERFRTITSSYYRGAHGIIVVYDVTDQESFNNVKQWLQEIDRYASENVNKLLVGNKCDLTAKKVVDYTTAKEYADQLGIPFLETSAKNATNVEQAFMTMAAEIKNRMGPVTAAS-EHKPSVKINSSTPVKQSGGGCC,---------------------------------INTMNPEYDYLFKLLLIGDSGVGKSCLLLRFADDTYTESYISTIGVDFKIRTIELDGKTIKLQIWDTAGQERFRTITSSYYRGAHGIIVVYDVTDQESFNNVKQWLQEIDRYASENVNKLLVGNKSDLTTKKVVDFTTAKEYADQLGIPFLETSAKNATNVEQAFMTMAAEIKNRMGP-TPTP-EGKQSVKINASTPVKQSGGGCC,---------------------------------MSAMNPEYDYLFKLLLIGDSGVGKSCLLLRFADDTYTESYISTIGVDFKIRTIELDGKTIKLQIWDTAGQERFRTITSSYYRGAHGIIIVYDVTDQESFNNIKQWLQEIDRYASENVNKLLVGNKSDLTLKKVVDYTTAKEYADQLHIPFLETSAKSATNVEQAFVTMAAEIKSRMGP-TGPS-ADKPNVKITSSTPVKQSSGGCC,---------------------------------MSTMNPEYDYLFKLLLIGDSGVGKSCLLLRFADDTYTESYISTIGVDFKIRTIELDGKTIKLQIWDTAGQERFRTITSSYYRGAHGIIVVYDVTDQESFNNVKQWLQEIDRYASENVNKLLVGNKCDLTTKKVVDYTTAKEYADQLGIPFLETSAKNATNVEQAFMTMAAEIKNRMGPATPAS-ENKPSVKINSSTPVKQGGGGCC,---------------------------------MSTMNPEYDYLFKLLLIGDSGVGKSCLLLRFADDTYTESYISTIGVDFKIRTIELDGKTIKLQIWDTAGQERFRTITSSYYRGAHGIIVVYDVTDQESFNNVKQWLQEIDRYASENVNKLLVGNKCDLTTKKVVDYTTAKEYADQLGIPFLETSAKNATNVEQAFMTMAAEIKNRMGPVTAAS-ENKPSVKINSSTPVKQGGGGCC,---------------------------------MSTMNPEYDYLFKLLLIGDSGVGKVLLLLRFADDTYTESYISTIGVDFKIRTIELDGKTIKLQIWDTAGQERFRTITSSYYRGAHGIIVVYDVTDQESFNNVKQWLQEIDRYASENVNKLLVGNKCDLSTKKVVDYTTAKEYADQLGIPFLETSAKSATNVEQAFMTMAAEIKNRMGPVTAAS-DNKPSVKINASTPVKQ------,--------------------------------DMSTMNPEYDYLFKLLLIGDSGVGKSCLLLRFADDTYTESYISTIGVDFKIRTIELDGKTIKLQIWDTAGQERFRTITSSYYRGAHGIIVVYDVTDQESFNNVKQWLQEIDRYASENVNKLLVGNKCDLTTKKVVDYTTAKEYADQLGIPFLETSAKNATNVEQAFMTMAAEIKNRMGPVTAAS-ENKPSVKINSSTPVKQGGGGCC,--------------------------------IKLTMNPEYDYLFKLLLIGDSGVGKSCLLLRFADDTYTESYISTIGVDFKIRTIELDGKTIKLQIWDTAGQERFRTITSSYYRGAHGIIVVYDVTDQESFNNVKQWLQEIDRYASENVNKLLVGNKCDLTTKKVVDYTTAKEFA---------------------------------------------------------------,--------------------------------IKLTMNPEYDYLFKLLLIGDSGVGKSCLLLRFADDTYTESYISTIGVDFKIRTIELDGKTIKLQIWDTAGQERFRTITSSYYRGAHGIIVVYDVTDQESFNNVKQWLQEIDRYASENVNKLLVGNKCDLTTKKVVDYTTAKEFADSISIPFLETSAKNATNVEQAFMXMAAENKNRMGPILHFG-----------------------,--------------------------------IMSTMNPDYDYLFKLLLIGDSGVGKSCLLLRFADDTYTESYISTIGVDFKIRTIELDGKTIKLQIWDTAGQERFRTITSSYYRGAHGIIVVYDVTDQESFNNVKQWLQEIDRYASENVNKLLVGNKSDLTTKKVVDFTTAKEYADQLGIPFLETSAKNATNVEQAFMTMAAEIKNRMGPITAAS-DSKPSVKINSSTPVSANKGGCC,-------------------------------TAMTTMNPEYDYLFKLLLIGDSGVGKSCLLLRFADDTYTESYISTIGVDFKIRTIELDGETIKLQIWDTAGQERFRTITSSYYRGAHGIIIVYDVTDQDSFNNVKQWLQEIDRYASENVNKLLVGNKCDLTTKKVVDYTTAKEFADQLGIPFLETSAKNATNVEQAFMTMAAEIKNRMGPPV--------------------------,--------------------------IHLSYHIMSTMNPEYDYLFKLLLIGDSGVGKSCLLLRFADDTYTESYISTIGVDFKIRTIELDGKTIKLQIWDTAGQERFRTITSSYYRGAHGIIVVYDVTDQESFNNVKQWLQEIDRYASENVNKLLVGNKSDLETKKVVDYTTAKEYADSLGVPFLETSAKNATNVEQAFMTMAAEIKNRMGPVTAA------------------------,ERRCTTKYLVFTQFYTRVLRKNCKRIISIRLHFMSTMNPEYDYLFKLLLIGDSGVGKSCLLLRFADDTYTESYISTIGVDFKIRTIELDGKTIKLQIWDTAGQERFRTITSSYYRGAHGIIVVYDVTDQESFSNVKQWLQEIDRYASENVNKLLVGNKSDLETKKVVDYTTAKEYADQLGIPFLETSAKNATNVEQAFMTMAAEIKNRMGPVISASQDNKPSVKINASNPVKQS-GGCC,TDHFCEIVFPDLSL---------SPVITLSDQNMSTMNPDYDYLFKLLLIGDSGVGKSCLLLRFADDTYTESYISTIGVDFKIRTIELDGKTIKLQIWDTAGQERFRTITSSYYRGAHGIIVVYDVTDQESFNNVKQWLLEIDRYASENVNKLLVGNKSDLTTKKVVDFTTAKEYADQLSIPFLETSAKNATNVEQAFMTMAAEIKNRMGPITAAS-DSKPSVKINSSTPVNANKGGCC,TGHCRKSAFPLLVI---------KHIFRIAQQKMSTMNPDYDYLFKLLLIGDSGVGKSCLLLRFADDTYTESYISTIGVDFKIRTIELDGKTIKLQIWDTAGQERFRTITSSYYRGAHGIIVVYDVTDQESFNNVKQWLQEIDRYASENVNKLLVGNKSDLTTKKVVDFTTAKEYADQLGIPFLETSAKNATNVEQAFMTMAAEIKNRMGPVTTAS-DNKPSVKINSSTPVNANKGGCC","[[0],[1,0],[1,1,0],[1,1,1,0],[1,1,1,1,0],[1,1,1,1,1,0],[1,1,1,1,1,1,0],[1,1,1,1,1,1,1,0],[1,1,1,1,1,1,1,1,0],[1,1,1,1,1,1,1,1,1,0],[1,1,1,1,1,1,1,1,1,1,0],[1,1,1,1,1,1,1,1,1,1,1,0],[1,1,1,1,1,1,1,1,1,1,1,1,0],[1,1,1,1,1,1,1,1,1,1,1,1,1,0],[1,1,1,1,1,1,1,1,1,1,1,1,1,1,0],[1,1,1,1,1,1,1,1,1,1,1,1,1,1,1,0]]"
"1","chel-huge.fastc#0","chel-huge.fastc#0","AlignedWide","active","1.0","prealigned","-,\textbari,\textbeltl,\textctc,\textepsilon,\textesh,\textlengthmark,\textltailn,\textopeno,\textprimstress,\textroundcap,\textsuperscript{\textgamma},\textsuperscript{h},\textsuperscript{j},\textteshlig\textsuperscript{h},\texttoptiebar,\textturny,\textupsilon,\ÌŒ,a,c,e,i,i\textschwa,l,m,n,o,p,r,s,t,u,v,w","[[0],[1,0],[1,1,0],[1,1,1,0],[1,1,1,1,0],[1,1,1,1,1,0],[1,1,1,1,1,1,0],[1,1,1,1,1,1,1,0],[1,1,1,1,1,1,1,1,0],[1,1,1,1,1,1,1,1,1,0],[1,1,1,1,1,1,1,1,1,1,0],[1,1,1,1,1,1,1,1,1,1,1,0],[1,1,1,1,1,1,1,1,1,1,1,1,0],[1,1,1,1,1,1,1,1,1,1,1,1,1,0],[1,1,1,1,1,1,1,1,1,1,1,1,1,1,0],[1,1,1,1,1,1,1,1,1,1,1,1,1,1,1,0],[1,1,1,1,1,1,1,1,1,1,1,1,1,1,1,1,0],[1,1,1,1,1,1,1,1,1,1,1,1,1,1,1,1,1,0],[1,1,1,1,1,1,1,1,1,1,1,1,1,1,1,1,1,1,0],[1,1,1,1,1,1,1,1,1,1,1,1,1,1,1,1,1,1,1,0],[1,1,1,1,1,1,1,1,1,1,1,1,1,1,1,1,1,1,1,1,0],[1,1,1,1,1,1,1,1,1,1,1,1,1,1,1,1,1,1,1,1,1,0],[1,1,1,1,1,1,1,1,1,1,1,1,1,1,1,1,1,1,1,1,1,1,0],[1,1,1,1,1,1,1,1,1,1,1,1,1,1,1,1,1,1,1,1,1,1,1,0],[1,1,1,1,1,1,1,1,1,1,1,1,1,1,1,1,1,1,1,1,1,1,1,1,0],[1,1,1,1,1,1,1,1,1,1,1,1,1,1,1,1,1,1,1,1,1,1,1,1,1,0],[1,1,1,1,1,1,1,1,1,1,1,1,1,1,1,1,1,1,1,1,1,1,1,1,1,1,0],[1,1,1,1,1,1,1,1,1,1,1,1,1,1,1,1,1,1,1,1,1,1,1,1,1,1,1,0],[1,1,1,1,1,1,1,1,1,1,1,1,1,1,1,1,1,1,1,1,1,1,1,1,1,1,1,1,0],[1,1,1,1,1,1,1,1,1,1,1,1,1,1,1,1,1,1,1,1,1,1,1,1,1,1,1,1,1,0],[1,1,1,1,1,1,1,1,1,1,1,1,1,1,1,1,1,1,1,1,1,1,1,1,1,1,1,1,1,1,0],[1,1,1,1,1,1,1,1,1,1,1,1,1,1,1,1,1,1,1,1,1,1,1,1,1,1,1,1,1,1,1,0],[1,1,1,1,1,1,1,1,1,1,1,1,1,1,1,1,1,1,1,1,1,1,1,1,1,1,1,1,1,1,1,1,0],[1,1,1,1,1,1,1,1,1,1,1,1,1,1,1,1,1,1,1,1,1,1,1,1,1,1,1,1,1,1,1,1,1,0],[1,1,1,1,1,1,1,1,1,1,1,1,1,1,1,1,1,1,1,1,1,1,1,1,1,1,1,1,1,1,1,1,1,1,0]]"
