(Alentus:134.5,(Aportus:42.0,((Vonones:37.5,(Amblypygid:41.0,(((Mastigoproctus:35.0,(Gea:93.5,(Hypochilus:7.0,Thelichoris:15.0)HTU25:14.5)HTU27:23.5)HTU23:6.5,(Chanbria:38.0,Limulus:33.0)HTU26:17.5)HTU22:12.5,(Centruoides:26.0,(Hadrurus:39.0,Pauroctonus:12.0)HTU29:45.0)HTU24:20.5)HTU28:25.5)HTU21:18.5)HTU20:22.5,(Thermobius:55.0,(Rhiphicephalus:69.0,(Americhernus:127.0,Artemia:100.5)HTU32:43.5)HTU31:27.0)HTU30:28.5)HTU19:51.5)HTU18:128.5)HTU17[950.0];
(Alentus:134.5,(Aportus:42.0,((Vonones:35.5,(Amblypygid:44.0,(((Mastigoproctus:35.0,(Gea:93.5,(Hypochilus:7.0,Thelichoris:15.0)HTU25:14.5)HTU27:23.5)HTU23:6.0,(Centruoides:28.0,(Hadrurus:39.0,Pauroctonus:12.0)HTU29:45.0)HTU24:22.0)HTU22:11.0,(Chanbria:42.0,Limulus:29.0)HTU26:15.0)HTU28:23.0)HTU21:16.5)HTU20:24.5,(Thermobius:55.0,(Rhiphicephalus:69.0,(Americhernus:127.0,Artemia:100.5)HTU32:43.5)HTU31:27.0)HTU30:28.5)HTU19:51.5)HTU18:128.5)HTU17[950.0];
(Alentus:134.5,(Aportus:42.0,((Thermobius:55.0,(Rhiphicephalus:69.0,(Americhernus:127.0,Artemia:100.5)HTU22:43.5)HTU21:27.0)HTU20:28.5,(Vonones:37.5,(Amblypygid:41.0,(((Mastigoproctus:35.0,(Gea:93.5,(Hypochilus:7.0,Thelichoris:15.0)HTU29:14.5)HTU28:23.5)HTU27:6.5,(Chanbria:38.0,Limulus:33.0)HTU32:17.5)HTU24:12.5,(Centruoides:26.0,(Hadrurus:39.0,Pauroctonus:12.0)HTU31:45.0)HTU30:20.5)HTU25:25.5)HTU26:18.5)HTU23:22.5)HTU19:51.5)HTU18:128.5)HTU17[950.0];
(Alentus:134.5,(Aportus:42.0,((Thermobius:55.0,(Rhiphicephalus:69.0,(Americhernus:127.0,Artemia:100.5)HTU22:43.5)HTU21:27.0)HTU20:28.5,(Vonones:35.5,(Amblypygid:44.0,(((Mastigoproctus:35.0,(Gea:93.5,(Hypochilus:7.0,Thelichoris:15.0)HTU29:14.5)HTU28:23.5)HTU27:6.0,(Centruoides:28.0,(Hadrurus:39.0,Pauroctonus:12.0)HTU31:45.0)HTU30:22.0)HTU24:11.0,(Chanbria:42.0,Limulus:29.0)HTU32:15.0)HTU25:23.0)HTU26:16.5)HTU23:24.5)HTU19:51.5)HTU18:128.5)HTU17[950.0];
(Alentus:134.5,(Aportus:42.0,((Vonones:35.5,(Amblypygid:44.0,(((Gea:93.5,(Hypochilus:7.0,Thelichoris:15.0)HTU25:14.5)HTU24:21.0,(Mastigoproctus:36.5,(Centruoides:24.0,(Hadrurus:39.0,Pauroctonus:12.0)HTU29:49.5)HTU22:23.0)HTU26:5.0)HTU23:13.5,(Chanbria:42.0,Limulus:29.0)HTU28:17.5)HTU27:18.5)HTU21:16.5)HTU20:24.5,(Thermobius:55.0,(Rhiphicephalus:69.0,(Americhernus:127.0,Artemia:100.5)HTU32:43.5)HTU31:27.0)HTU30:28.5)HTU19:51.5)HTU18:128.5)HTU17[950.0];
(Alentus:134.5,(Aportus:42.0,((Vonones:37.5,(Amblypygid:41.0,((Centruoides:26.0,(Hadrurus:39.0,Pauroctonus:12.0)HTU24:45.0)HTU23:20.5,((Chanbria:38.0,Limulus:33.0)HTU26:17.5,(Mastigoproctus:35.0,(Gea:93.5,(Hypochilus:7.0,Thelichoris:15.0)HTU29:14.5)HTU28:23.5)HTU27:6.5)HTU25:12.5)HTU22:25.5)HTU21:18.5)HTU20:22.5,(Thermobius:55.0,(Rhiphicephalus:69.0,(Americhernus:127.0,Artemia:100.5)HTU32:43.5)HTU31:27.0)HTU30:28.5)HTU19:51.5)HTU18:128.5)HTU17[950.0];
(Alentus:134.5,(Aportus:42.0,((Vonones:35.5,(Amblypygid:44.0,(((Centruoides:28.0,(Hadrurus:39.0,Pauroctonus:12.0)HTU24:45.0)HTU23:22.0,(Mastigoproctus:35.0,(Gea:93.5,(Hypochilus:7.0,Thelichoris:15.0)HTU29:14.5)HTU28:23.5)HTU27:6.0)HTU25:11.0,(Chanbria:42.0,Limulus:29.0)HTU26:15.0)HTU22:23.0)HTU21:16.5)HTU20:24.5,(Thermobius:55.0,(Rhiphicephalus:69.0,(Americhernus:127.0,Artemia:100.5)HTU32:43.5)HTU31:27.0)HTU30:28.5)HTU19:51.5)HTU18:128.5)HTU17[950.0];
(Alentus:134.5,(Aportus:42.0,((Vonones:37.5,(Amblypygid:41.0,(((Chanbria:38.0,Limulus:33.0)HTU24:17.5,(Mastigoproctus:35.0,(Gea:93.5,(Hypochilus:7.0,Thelichoris:15.0)HTU27:14.5)HTU26:23.5)HTU25:6.5)HTU23:12.5,(Centruoides:26.0,(Hadrurus:39.0,Pauroctonus:12.0)HTU29:45.0)HTU28:20.5)HTU22:25.5)HTU20:18.5)HTU21:22.5,(Thermobius:55.0,(Rhiphicephalus:69.0,(Americhernus:127.0,Artemia:100.5)HTU32:43.5)HTU31:27.0)HTU30:28.5)HTU19:51.5)HTU18:128.5)HTU17[950.0];
