(Alentus:46.0,(Aportus:18.5,(Americhernus:57.5,(Rhiphicephalus:32.0,(((Centruoides:23.0,((Mastigoproctus:21.0,(Amblypygid:18.5,(Hypochilus:10.0,Thelichoris:11.0)HTU21:7.5)HTU24:12.0)HTU20:8.0,(Vonones:27.0,(Chanbria:26.0,Limulus:19.0)HTU19:7.5)HTU27:10.5)HTU30:9.5)HTU23:11.0,(Gea:35.5,(Hadrurus:22.5,Pauroctonus:16.5)HTU25:13.0)HTU31:12.0)HTU18:11.5,(Artemia:38.5,Thermobius:34.5)HTU29:19.0)HTU22:13.5)HTU26:15.0)HTU28:17.0)HTU32:40.5)HTU17[527.0];
(Alentus:38.5,(Aportus:26.5,(Americhernus:35.0,((Rhiphicephalus:32.5,(Artemia:33.0,Thermobius:30.0)HTU29:16.0)HTU26:11.5,(Gea:32.5,((Hadrurus:20.0,Pauroctonus:12.0)HTU25:15.5,(Centruoides:18.5,(((Hypochilus:8.0,Thelichoris:11.0)HTU22:9.5,(Amblypygid:18.5,Vonones:27.5)HTU30:9.0)HTU20:10.0,(Mastigoproctus:19.0,(Chanbria:21.5,Limulus:22.5)HTU27:10.0)HTU21:7.0)HTU18:13.5)HTU28:13.5)HTU19:11.0)HTU31:14.5)HTU24:41.5)HTU23:21.5)HTU32:39.0)HTU17[524.0];
(Alentus:42.0,(Aportus:20.5,((((Vonones:24.0,(Chanbria:29.5,Limulus:14.5)HTU21:9.0)HTU30:9.0,(Mastigoproctus:20.5,(Amblypygid:18.0,(Hypochilus:8.0,Thelichoris:9.0)HTU29:10.0)HTU18:10.5)HTU31:7.0)HTU23:9.0,(Centruoides:17.5,(Hadrurus:17.5,Pauroctonus:8.5)HTU24:17.5)HTU25:13.0)HTU19:24.5,((Rhiphicephalus:35.5,(Artemia:34.5,Thermobius:31.5)HTU27:16.0)HTU26:12.5,(Americhernus:48.0,Gea:32.0)HTU28:19.5)HTU22:14.5)HTU20:18.5)HTU32:33.0)HTU17[523.0];
(Alentus:47.0,(Aportus:22.0,(Vonones:20.0,((((Centruoides:20.5,(Mastigoproctus:18.5,((Chanbria:21.5,Limulus:19.5)HTU19:9.0,(Amblypygid:19.5,(Hypochilus:9.0,Thelichoris:10.0)HTU31:8.5)HTU24:9.0)HTU23:7.5)HTU28:11.5)HTU18:9.5,(Hadrurus:18.5,Pauroctonus:8.5)HTU30:15.5)HTU20:10.0,(Artemia:31.0,(Americhernus:46.5,Gea:30.5)HTU25:17.5)HTU27:35.5)HTU21:12.0,(Rhiphicephalus:29.5,Thermobius:31.5)HTU26:18.0)HTU22:10.0)HTU29:21.0)HTU32:43.5)HTU17[523.0];
(Alentus:62.5,(Aportus:24.0,(Rhiphicephalus:31.5,(Thermobius:30.0,(Americhernus:56.5,((Vonones:20.5,(Amblypygid:17.5,(Limulus:17.5,(Chanbria:18.5,Mastigoproctus:22.5)HTU26:10.5)HTU28:10.0)HTU23:7.5)HTU20:8.0,(Artemia:43.0,((Gea:36.5,(Hypochilus:13.0,Thelichoris:14.0)HTU30:7.5)HTU18:13.5,(Centruoides:25.5,(Hadrurus:20.5,Pauroctonus:12.5)HTU29:13.5)HTU25:15.0)HTU24:10.0)HTU31:11.0)HTU19:10.0)HTU27:11.0)HTU21:17.0)HTU22:16.0)HTU32:52.0)HTU17[522.0];
(Alentus:54.0,(Aportus:22.5,(Vonones:22.5,(Rhiphicephalus:35.5,((((Americhernus:43.5,Gea:27.5)HTU24:34.0,(Artemia:34.0,Thermobius:35.0)HTU31:16.5)HTU22:13.0,(Centruoides:18.5,(Hadrurus:19.0,Pauroctonus:9.0)HTU19:16.5)HTU25:12.0)HTU18:9.5,((Mastigoproctus:18.5,(Amblypygid:20.5,(Hypochilus:9.0,Thelichoris:11.0)HTU30:8.5)HTU21:11.0)HTU20:6.0,(Chanbria:20.0,Limulus:18.0)HTU26:8.0)HTU23:10.0)HTU29:12.5)HTU28:11.5)HTU27:22.0)HTU32:45.5)HTU17[522.0];
(Alentus:54.0,(Aportus:28.5,(Vonones:26.5,(Rhiphicephalus:36.0,(((Mastigoproctus:19.5,(Chanbria:23.0,Limulus:24.0)HTU22:9.0)HTU19:8.5,(Amblypygid:20.5,(Hypochilus:14.0,Thelichoris:13.0)HTU28:7.5)HTU24:9.0)HTU20:8.5,(((Artemia:42.0,Thermobius:29.0)HTU23:17.5,(Americhernus:48.0,Gea:32.0)HTU27:19.0)HTU26:10.5,(Centruoides:22.5,(Hadrurus:22.5,Pauroctonus:14.5)HTU25:15.5)HTU29:11.5)HTU21:11.5)HTU18:10.5)HTU31:9.0)HTU30:20.5)HTU32:53.0)HTU17[522.0];
(Alentus:56.5,(Aportus:24.5,(((Centruoides:22.5,(Mastigoproctus:17.5,((Chanbria:21.5,Limulus:19.5)HTU25:8.0,(Vonones:28.5,(Amblypygid:17.5,(Hypochilus:10.0,Thelichoris:12.0)HTU22:9.5)HTU23:6.5)HTU28:9.5)HTU18:10.0)HTU31:11.5)HTU26:11.0,(Artemia:41.5,((Hadrurus:21.5,Pauroctonus:11.5)HTU24:14.0,(Americhernus:48.0,Gea:30.0)HTU29:20.5)HTU20:16.5)HTU30:16.5)HTU19:16.5,(Rhiphicephalus:33.0,Thermobius:33.0)HTU27:12.5)HTU21:17.5)HTU32:47.5)HTU17[521.0];
(Alentus:64.0,(Aportus:24.5,((((Mastigoproctus:20.0,(Chanbria:20.5,Limulus:21.5)HTU27:9.0)HTU19:9.5,(Amblypygid:18.5,(Hypochilus:9.0,Thelichoris:10.0)HTU22:8.5)HTU24:10.5)HTU18:8.0,(Centruoides:20.0,((Hadrurus:21.5,Pauroctonus:13.5)HTU29:16.0,(Americhernus:53.5,Gea:27.5)HTU31:15.5)HTU23:13.0)HTU21:11.0)HTU20:14.0,(Vonones:20.5,(Rhiphicephalus:32.5,(Artemia:37.5,Thermobius:34.5)HTU28:20.0)HTU26:15.0)HTU30:7.5)HTU25:21.5)HTU32:55.0)HTU17[521.0];
(Alentus:55.5,(Aportus:29.0,((((Rhiphicephalus:34.5,(Artemia:37.0,Thermobius:37.0)HTU23:18.0)HTU20:10.5,(Americhernus:37.5,Gea:42.5)HTU28:18.0)HTU25:13.0,(Centruoides:25.0,(Hadrurus:25.5,Pauroctonus:16.5)HTU27:15.0)HTU30:13.5)HTU18:9.0,((Amblypygid:23.0,(Hypochilus:16.5,Thelichoris:19.5)HTU26:9.0)HTU21:9.5,(Vonones:28.0,(Limulus:23.5,(Chanbria:28.0,Mastigoproctus:30.0)HTU29:10.0)HTU31:6.0)HTU22:7.5)HTU19:8.5)HTU24:19.5)HTU32:51.5)HTU17[520.0];
(Alentus:47.5,(Aportus:26.0,((((Centruoides:19.0,(Hadrurus:17.0,Pauroctonus:9.0)HTU31:15.5)HTU24:10.5,(Americhernus:43.5,Gea:27.5)HTU26:34.0)HTU19:9.5,(Vonones:20.0,((Amblypygid:16.5,(Hypochilus:9.0,Thelichoris:10.0)HTU23:10.5)HTU22:9.0,(Mastigoproctus:21.0,(Chanbria:19.0,Limulus:19.0)HTU25:9.0)HTU28:9.5)HTU18:9.5)HTU20:11.5)HTU27:15.0,(Rhiphicephalus:36.5,(Artemia:39.5,Thermobius:33.5)HTU30:19.5)HTU29:9.5)HTU21:18.0)HTU32:39.0)HTU17[519.0];
(Alentus:58.5,(Aportus:24.5,((Vonones:24.0,((Centruoides:23.0,(Hadrurus:23.5,Pauroctonus:15.5)HTU25:13.5)HTU18:10.5,(Limulus:23.0,((Chanbria:29.0,Mastigoproctus:27.0)HTU26:7.5,(Amblypygid:24.5,(Hypochilus:15.0,Thelichoris:17.0)HTU29:8.5)HTU27:9.0)HTU21:8.0)HTU28:6.0)HTU24:10.0)HTU20:11.0,((Americhernus:55.0,(Artemia:37.0,Gea:29.0)HTU23:14.0)HTU22:9.5,(Rhiphicephalus:32.0,Thermobius:31.0)HTU31:13.0)HTU30:14.5)HTU19:20.5)HTU32:51.0)HTU17[519.0];
(Alentus:59.0,(Aportus:30.5,((((Centruoides:23.5,(Hadrurus:23.5,Pauroctonus:17.5)HTU25:13.5)HTU20:13.0,((Mastigoproctus:28.0,(Amblypygid:23.5,(Hypochilus:16.5,Thelichoris:15.5)HTU28:7.5)HTU24:10.5)HTU26:7.0,(Vonones:31.5,(Chanbria:29.5,Limulus:21.5)HTU23:8.5)HTU31:8.5)HTU22:7.5)HTU21:11.5,(Americhernus:44.5,(Artemia:43.0,Gea:25.0)HTU30:15.0)HTU27:18.5)HTU19:16.0,(Rhiphicephalus:37.0,Thermobius:41.0)HTU29:12.5)HTU18:17.5)HTU32:53.0)HTU17[519.0];
(Alentus:41.0,(Aportus:25.0,(((Artemia:41.5,((Centruoides:22.5,(Hadrurus:20.5,Pauroctonus:15.5)HTU30:15.5)HTU20:9.0,((Mastigoproctus:24.0,(Chanbria:27.0,Limulus:23.0)HTU27:11.0)HTU18:7.5,(Gea:40.0,(Hypochilus:16.0,Thelichoris:17.0)HTU28:7.0)HTU24:9.0)HTU31:6.5)HTU19:11.0)HTU22:12.0,(Amblypygid:21.5,Vonones:27.5)HTU25:8.0)HTU21:13.5,(Americhernus:38.0,(Rhiphicephalus:28.5,Thermobius:26.5)HTU29:33.0)HTU26:16.0)HTU23:19.0)HTU32:35.0)HTU17[519.0];
(Alentus:52.5,(Aportus:23.5,((((Centruoides:17.0,(Artemia:31.0,(Americhernus:45.0,Gea:32.0)HTU27:17.5)HTU22:30.5)HTU21:12.0,(Hadrurus:17.0,Pauroctonus:7.0)HTU31:18.5)HTU19:14.0,((Vonones:23.5,(Chanbria:22.5,Limulus:16.5)HTU26:9.5)HTU28:9.5,(Mastigoproctus:21.5,(Amblypygid:18.0,(Hypochilus:9.0,Thelichoris:10.0)HTU24:10.0)HTU23:10.5)HTU29:6.5)HTU20:9.5)HTU25:17.5,(Rhiphicephalus:35.0,Thermobius:35.0)HTU30:14.5)HTU18:18.0)HTU32:43.5)HTU17[518.0];
(Alentus:60.0,(Aportus:23.5,(((Amblypygid:18.0,(Mastigoproctus:25.0,(Hypochilus:8.0,Thelichoris:12.0)HTU27:9.0)HTU22:8.5)HTU21:7.0,(Vonones:24.5,(Chanbria:26.0,Limulus:19.0)HTU29:8.5)HTU26:7.5)HTU19:8.5,((Rhiphicephalus:31.0,(Artemia:38.0,Thermobius:33.0)HTU28:19.0)HTU25:14.0,((Americhernus:49.0,Gea:27.5)HTU18:19.5,(Centruoides:20.0,(Hadrurus:19.5,Pauroctonus:9.5)HTU20:17.0)HTU31:11.5)HTU30:10.5)HTU23:10.0)HTU24:22.5)HTU32:51.5)HTU17[517.0];
(Alentus:56.5,(Aportus:20.5,((Rhiphicephalus:33.5,(((Centruoides:21.0,(Hadrurus:20.0,Pauroctonus:10.0)HTU29:15.0)HTU24:11.0,(Americhernus:45.5,Gea:30.5)HTU30:22.0)HTU23:17.5,(Artemia:40.0,Thermobius:23.5)HTU26:14.0)HTU21:15.0)HTU25:13.0,(Vonones:21.0,(Limulus:16.5,((Amblypygid:18.0,(Hypochilus:8.0,Thelichoris:10.0)HTU22:10.0)HTU20:8.0,(Chanbria:22.0,Mastigoproctus:21.0)HTU27:8.0)HTU19:8.5)HTU18:9.0)HTU31:10.5)HTU28:20.0)HTU32:50.0)HTU17[517.0];
(Alentus:18.5,(Aportus:20.0,(Thermobius:31.5,(Americhernus:45.0,(Rhiphicephalus:35.5,(Artemia:43.5,(((Chanbria:31.0,Limulus:25.0)HTU27:8.0,(Amblypygid:26.0,Vonones:34.0)HTU28:8.0)HTU20:7.5,(Mastigoproctus:30.5,((Gea:45.5,(Hypochilus:23.5,Thelichoris:24.5)HTU21:7.5)HTU26:11.0,(Centruoides:32.5,(Hadrurus:28.5,Pauroctonus:22.5)HTU29:12.0)HTU30:17.5)HTU18:9.5)HTU31:6.0)HTU19:14.0)HTU24:10.0)HTU22:14.0)HTU23:24.5)HTU25:26.5)HTU32:21.5)HTU17[517.0];
(Alentus:64.0,(Aportus:31.0,(Vonones:27.5,((((Centruoides:24.5,(Hadrurus:25.0,Pauroctonus:19.0)HTU28:16.0)HTU18:9.0,((Chanbria:36.0,Limulus:24.5)HTU24:8.5,(Mastigoproctus:29.0,(Amblypygid:25.0,(Hypochilus:18.5,Thelichoris:17.5)HTU29:6.0)HTU23:10.0)HTU26:5.5)HTU22:7.5)HTU19:11.5,(Rhiphicephalus:35.0,Thermobius:38.0)HTU30:14.5)HTU21:9.0,(Americhernus:44.5,(Artemia:44.5,Gea:22.0)HTU31:18.0)HTU27:21.5)HTU20:10.5)HTU25:19.0)HTU32:59.0)HTU17[517.0];
(Alentus:20.0,(Aportus:14.5,((((Centruoides:24.0,(Hadrurus:21.5,Pauroctonus:17.5)HTU24:14.5)HTU21:12.0,(Vonones:27.5,(Amblypygid:23.5,((Hypochilus:12.0,Thelichoris:15.0)HTU25:8.0,(Mastigoproctus:22.0,(Chanbria:24.5,Limulus:25.5)HTU31:9.0)HTU30:10.5)HTU23:7.5)HTU27:8.0)HTU29:8.5)HTU20:8.0,(Americhernus:47.5,Gea:32.5)HTU28:19.0)HTU18:12.0,(Rhiphicephalus:29.0,(Artemia:35.5,Thermobius:32.5)HTU26:18.5)HTU19:11.5)HTU22:40.5)HTU32:20.5)HTU17[517.0];
