(Eucarida_Decapoda_Dendrobranchiata_Penaeoidea_Aristeidae_Aristeomorpha_foliacea_NC_039153:62.0,(((Eucarida_Decapoda_Dendrobranchiata_Penaeoidea_Solenoceridae_Solenocera_crassicornis_NC_030280:76.5,(Eucarida_Decapoda_Dendrobranchiata_Penaeoidea_Solenoceridae_Hymenopenaeus_neptunus_NC_039169:51.0,Eucarida_Decapoda_Dendrobranchiata_Penaeoidea_Solenoceridae_Pleoticus_muelleri_NC_039964:68.0)HTU113:34.5)HTU114:50.5,(((Eucarida_Decapoda_Dendrobranchiata_Penaeoidea_Penaeidae_Metapenaeopsis_barbata_MG833230:48.5,Eucarida_Decapoda_Dendrobranchiata_Penaeoidea_Penaeidae_Metapenaeopsis_dalei_NC_029457:56.5)HTU111:64.5,((Eucarida_Decapoda_Dendrobranchiata_Penaeoidea_Sicyoniidae_Sicyonia_lancifer_NC_039168:66.5,(Eucarida_Decapoda_Dendrobranchiata_Penaeoidea_Sicyoniidae_Sicyonia_japonica_NC_039167:10.0,Eucarida_Decapoda_Dendrobranchiata_Penaeoidea_Sicyoniidae_Sicyonia_parajaponica_MF379619:10.0)HTU116:55.5)HTU110:104.5,((Eucarida_Decapoda_Dendrobranchiata_Penaeoidea_Penaeidae_Parapenaeopsis_hardwickii_KU899136:83.5,Eucarida_Decapoda_Dendrobranchiata_Penaeoidea_Penaeidae_Parapenaeopsis_hungerfordi_NC_038069:69.0)HTU120:60.0,(Eucarida_Decapoda_Dendrobranchiata_Penaeoidea_Penaeidae_Metapenaeus_affinis_NC_039179:62.5,Eucarida_Decapoda_Dendrobranchiata_Penaeoidea_Penaeidae_Metapenaeus_ensis_NC_026834:47.0)HTU122:74.0)HTU121:55.0)HTU119:43.0)HTU112:45.0,(Eucarida_Decapoda_Dendrobranchiata_Sergestoidea_Sergestidae_Sergia_lucens_NC_037043:118.0,(Eucarida_Decapoda_Dendrobranchiata_Sergestoidea_Sergestidae_Acetes_chinensis_NC_017600:138.5,(Eucarida_Euphausiacea_Euphausiidae_Euphausia_pacifica_NC_016184:137.5,((((Eucarida_Decapoda_Pleocyemata_Caridea_Bresilioidea_Alvinocarididae_Opaepele_loihi_NC_020311:30.0,(Eucarida_Decapoda_Pleocyemata_Caridea_Bresilioidea_Alvinocarididae_Shinkaicaris_leurokolos_NC_037487:13.5,(Eucarida_Decapoda_Pleocyemata_Caridea_Bresilioidea_Alvinocarididae_Rimicaris_exoculata_NC_027116:10.5,Eucarida_Decapoda_Pleocyemata_Caridea_Bresilioidea_Alvinocarididae_Rimicaris_kairei_NC_020310:12.5)HTU128:15.5)HTU129:13.5)HTU127:89.5,(Eucarida_Decapoda_Pleocyemata_Caridea_Pandaloidea_Pandalidae_Chlorotocus_crassicornis_NC_035828:111.5,Eucarida_Decapoda_Pleocyemata_Caridea_Pandaloidea_Pandalidae_Pandalus_borealis_LC341266:119.0)HTU131:52.0)HTU130:68.0,((Eucarida_Decapoda_Pleocyemata_Caridea_Palaemonoidea_Palaemonidae_Palaemon_gravieri_NC_029240:88.5,(Eucarida_Decapoda_Pleocyemata_Caridea_Palaemonoidea_Palaemonidae_Palaemon_carinicauda_NC_012566:68.5,(Eucarida_Decapoda_Pleocyemata_Caridea_Palaemonoidea_Palaemonidae_Palaemon_annandalei_NC_038117:61.5,Eucarida_Decapoda_Pleocyemata_Caridea_Palaemonoidea_Palaemonidae_Palaemon_serenus_NC_027601:121.0)HTU135:38.5)HTU133:44.0)HTU134:80.5,(Eucarida_Decapoda_Pleocyemata_Caridea_Palaemonoidea_Palaemonidae_Hymenocera_picta_NC_039631:133.5,(Eucarida_Decapoda_Pleocyemata_Caridea_Palaemonoidea_Palaemonidae_Palaemon_capensis_NC_039373:119.0,((Eucarida_Decapoda_Pleocyemata_Caridea_Palaemonoidea_Palaemonidae_Macrobrachium_bullatum_NC_027602:58.0,Eucarida_Decapoda_Pleocyemata_Caridea_Palaemonoidea_Palaemonidae_Macrobrachium_nipponense_NC_015073:51.5)HTU137:41.0,(Eucarida_Decapoda_Pleocyemata_Caridea_Palaemonoidea_Palaemonidae_Macrobrachium_lanchesteri_NC_012217:52.5,Eucarida_Decapoda_Pleocyemata_Caridea_Palaemonoidea_Palaemonidae_Macrobrachium_rosenbergii_NC_006880:64.0)HTU139:44.0)HTU138:74.0)HTU140:49.0)HTU141:51.5)HTU136:72.0)HTU132:63.5,(Eucarida_Decapoda_Pleocyemata_Caridea_Crangonoidea_Crangonidae_Crangon_hakodatei_KU641481:161.5,(((Eucarida_Decapoda_Pleocyemata_Axiidea_Strahlaxiidae_Neaxius_glyptocercus_NC_019609:141.0,(Eucarida_Decapoda_Pleocyemata_Axiidea_Callianassidae_Corallianassa_coutierei_NC_020025:133.0,((Eucarida_Decapoda_Pleocyemata_Axiidea_Callianassidae_Nihonotrypaea_thermophila_NC_019610:29.0,(Eucarida_Decapoda_Pleocyemata_Axiidea_Callianassidae_Nihonotrypaea_harmandi_NC_034298:14.5,Eucarida_Decapoda_Pleocyemata_Axiidea_Callianassidae_Nihonotrypaea_japonica_NC_020351:18.5)HTU144:23.0)HTU145:81.0,(Eucarida_Decapoda_Pleocyemata_Axiidea_Callianassidae_Callianassa_ceramica_NC_031154:73.0,Eucarida_Decapoda_Pleocyemata_Axiidea_Callianassidae_Trypaea_australiensis_NC_026225:79.0)HTU147:55.5)HTU146:56.0)HTU148:71.0)HTU149:116.0,((((((Eucarida_Decapoda_Pleocyemata_Astacidea_Astacoidea_Astacidae_Pacifastacus_leniusculus_NC_033509:81.5,(Eucarida_Decapoda_Pleocyemata_Astacidea_Astacoidea_Cambaridae_Procambarus_clarkii_NC_016926:48.0,Eucarida_Decapoda_Pleocyemata_Astacidea_Astacoidea_Cambaridae_Procambarus_fallax_NC_020021:49.0)HTU151:66.5)HTU153:35.5,(Eucarida_Decapoda_Pleocyemata_Astacidea_Astacoidea_Cambaridae_Cambaroides_dauricus_NC_033505:76.0,(Eucarida_Decapoda_Pleocyemata_Astacidea_Astacoidea_Astacidae_Austropotamobius_pallipes_NC_026560:50.0,Eucarida_Decapoda_Pleocyemata_Astacidea_Astacoidea_Astacidae_Austropotamobius_torrentium_NC_033504:53.0)HTU155:61.5)HTU154:34.0)HTU152:92.5,(Eucarida_Decapoda_Pleocyemata_Astacidea_Parastacoidea_Parastacidae_Cherax_preissii_NC_023482:152.5,((Eucarida_Decapoda_Pleocyemata_Astacidea_Parastacoidea_Parastacidae_Astacopsis_gouldi_NC_026215:110.0,Eucarida_Decapoda_Pleocyemata_Astacidea_Parastacoidea_Parastacidae_Paranephrops_planifrons_NC_025957:103.0)HTU157:57.0,(Eucarida_Decapoda_Pleocyemata_Astacidea_Parastacoidea_Parastacidae_Geocharax_gracilis_NC_023810:92.5,(Eucarida_Decapoda_Pleocyemata_Astacidea_Parastacoidea_Parastacidae_Tenuibranchiurus_glypticus_NC_025647:114.0,(Eucarida_Decapoda_Pleocyemata_Astacidea_Parastacoidea_Parastacidae_Gramastacus_insolitus_NC_030531:45.5,Eucarida_Decapoda_Pleocyemata_Astacidea_Parastacoidea_Parastacidae_Gramastacus_lacus_NC_024295:45.0)HTU160:76.0)HTU161:43.5)HTU159:65.5)HTU158:65.5)HTU162:67.5)HTU156:57.0,((Eucarida_Decapoda_Pleocyemata_Brachyura_Dromiacea_Dromioidea_Dynomenidae_Dynomene_pilumnoides_KT182070:129.5,(Eucarida_Decapoda_Pleocyemata_Brachyura_Dromiacea_Homoloidea_Homolidae_Homologenus_malayensis_NC_026080:100.5,(Eucarida_Decapoda_Pleocyemata_Brachyura_Dromiacea_Homoloidea_Homolidae_Moloha_majora_NC_029361:37.5,Eucarida_Decapoda_Pleocyemata_Brachyura_Eubrachyura_Raninoidea_Raninidae_Umalia_orientalis_NC_026688:69.0)HTU165:123.5)HTU164:58.5)HTU166:70.5,(((Eucarida_Decapoda_Pleocyemata_Gebiidea_Upogebiidae_Upogebia_pusilla_NC_020023:93.5,(Eucarida_Decapoda_Pleocyemata_Gebiidea_Upogebiidae_Austinogebia_edulis_NC_019606:64.0,(Eucarida_Decapoda_Pleocyemata_Gebiidea_Upogebiidae_Upogebia_major_NC_019607:61.5,Eucarida_Decapoda_Pleocyemata_Gebiidea_Upogebiidae_Upogebia_yokoyai_NC_025943:73.0)HTU169:33.0)HTU168:59.0)HTU170:87.5,((Eucarida_Decapoda_Pleocyemata_Glypheidea_Glypheoidea_Glypheidae_Laurentaeglyphea_neocaledonica_NC_035679:35.0,Eucarida_Decapoda_Pleocyemata_Glypheidea_Glypheoidea_Glypheidae_Neoglyphea_inopinata_KT984197:36.5)HTU172:92.0,(Eucarida_Decapoda_Pleocyemata_Astacidea_Enoplometopoidea_Enoplometopidae_Enoplometopus_debelius_NC_025592:103.0,(Eucarida_Decapoda_Pleocyemata_Astacidea_Nephropoidea_Nephropidae_Homarus_americanus_NC_015607:45.5,Eucarida_Decapoda_Pleocyemata_Astacidea_Nephropoidea_Nephropidae_Nephrops_norvegicus_NC_025958:33.0)HTU175:94.5)HTU174:66.5)HTU173:75.0)HTU171:56.0,(Eucarida_Decapoda_Pleocyemata_Anomura_Paguroidea_Paguridae_Pagurus_longicarpus_NC_003058:65.5,((Eucarida_Decapoda_Pleocyemata_Anomura_Paguroidea_Lithodidae_Paralithodes_brevipes_NC_021458:25.0,(Eucarida_Decapoda_Pleocyemata_Anomura_Paguroidea_Lithodidae_Lithodes_nintokuae_NC_024202:25.0,Eucarida_Decapoda_Pleocyemata_Anomura_Paguroidea_Lithodidae_Paralithodes_camtschaticus_NC_020029:21.0)HTU179:23.5)HTU178:42.0,(Eucarida_Decapoda_Pleocyemata_Anomura_Paguroidea_Paguridae_Pagurus_minutus_LC222533:23.5,(Eucarida_Decapoda_Pleocyemata_Anomura_Paguroidea_Paguridae_Pagurus_filholi_LC222528:15.0,Eucarida_Decapoda_Pleocyemata_Anomura_Paguroidea_Paguridae_Pagurus_japonicus_LC222532:17.0)HTU181:20.5)HTU182:45.0)HTU180:56.0)HTU177:111.5)HTU176:63.5)HTU167:61.5)HTU163:58.5,(Eucarida_Decapoda_Pleocyemata_Anomura_Galatheoidea_Porcellanidae_Petrolisthes_haswelli_NC_025572:202.5,((Eucarida_Decapoda_Pleocyemata_Gebiidea_Thalassinidae_Thalassina_kelanang_NC_019608:23.0,Eucarida_Decapoda_Pleocyemata_Gebiidea_Thalassinidae_Thalassina_squamifera_NC_041157:31.0)HTU185:158.0,((((Eucarida_Decapoda_Pleocyemata_Brachyura_Eubrachyura_Xanthoidea_Xanthidae_Atergatis_floridus_NC_037201:79.5,Eucarida_Decapoda_Pleocyemata_Brachyura_Eubrachyura_Xanthoidea_Xanthidae_Atergatis_integerrimus_NC_037172:87.0)HTU188:89.5,(Eucarida_Decapoda_Pleocyemata_Brachyura_Eubrachyura_Xanthoidea_Xanthidae_Leptodius_sanguineus_NC_029726:131.5,(Eucarida_Decapoda_Pleocyemata_Brachyura_Eubrachyura_Xanthoidea_Oziidae_Epixanthus_frontalis_NC_039110:105.5,(Eucarida_Decapoda_Pleocyemata_Brachyura_Eubrachyura_Xanthoidea_Eriphiidae_Pseudocarcinus_gigas_NC_006891:108.0,(Eucarida_Decapoda_Pleocyemata_Brachyura_Eubrachyura_Bythograeoidea_Bythograeidae_Austinograea_alayseae_NC_020314:63.0,Eucarida_Decapoda_Pleocyemata_Brachyura_Eubrachyura_Bythograeoidea_Bythograeidae_Austinograea_rodriguezensis_NC_020312:57.0)HTU191:72.0)HTU192:41.5)HTU190:65.0)HTU193:59.0)HTU189:61.5,(Eucarida_Decapoda_Pleocyemata_Brachyura_Eubrachyura_Portunoidea_Portunidae_Portunus_pelagicus_NC_026209:62.0,(Eucarida_Decapoda_Pleocyemata_Brachyura_Eubrachyura_Portunoidea_Portunidae_Portunus_sanguinolentus_NC_028225:85.0,Eucarida_Decapoda_Pleocyemata_Brachyura_Eubrachyura_Portunoidea_Portunidae_Portunus_trituberculatus_NC_005037:47.0)HTU196:41.5)HTU195:130.0)HTU194:98.5,(Eucarida_Decapoda_Pleocyemata_Brachyura_Eubrachyura_Potamoidea_Potamidae_Potamiscus_motuoensis_KY285013:86.0,Eucarida_Decapoda_Pleocyemata_Brachyura_Eubrachyura_Potamoidea_Potamidae_Sinopotamon_yaanense_NC_036947:91.0)HTU198:125.0)HTU197:91.0)HTU187:70.5)HTU184:58.5)HTU183:57.5,(Eucarida_Decapoda_Pleocyemata_Brachyura_Eubrachyura_Raninoidea_Raninidae_Ranina_ranina_NC_023474:198.0,(Eucarida_Decapoda_Dendrobranchiata_Sergestoidea_Luciferidae_Belzebub_intermedius_NC_039641:229.5,(Eucarida_Decapoda_Pleocyemata_Caridea_Nematocarcinoidea_Rhynchocinetidae_Rhynchocinetes_durbanensis_NC_029372:232.0,((Eucarida_Decapoda_Pleocyemata_Stenopodidea_Spongicolidae_Spongiocaris_panglao_NC_038166:119.5,Eucarida_Decapoda_Pleocyemata_Stenopodidea_Stenopodidae_Stenopus_hispidus_NC_018097:135.5)HTU208:85.5,(Eucarida_Decapoda_Pleocyemata_Stenopodidea_Stenopodidae_Stenopus_scutellatus_MF741653:154.5,(Eucarida_Decapoda_Pleocyemata_Stenopodidea_Spongicolidae_Globospongicola_spinulatus_KU188326:113.0,Eucarida_Decapoda_Pleocyemata_Stenopodidea_Spongicolidae_Spongicola_levigatus_KU188325:118.5)HTU214:111.0)HTU215:212.0)HTU213:127.0)HTU209:90.0)HTU207:75.0)HTU206:63.5)HTU186:66.0)HTU150:57.5,((Eucarida_Decapoda_Pleocyemata_Anomura_Paguroidea_Diogenidae_Clibanarius_infraspinatus_NC_025776:213.0,((Eucarida_Decapoda_Pleocyemata_Caridea_Atyoidea_Atyidae_Caridina_gracilipes_NC_024751:72.5,Eucarida_Decapoda_Pleocyemata_Caridea_Atyoidea_Atyidae_Caridina_indistincta_A_NC_039593:64.5)HTU200:142.0,((Eucarida_Decapoda_Pleocyemata_Caridea_Alpheoidea_Alpheidae_Alpheus_japonicus_NC_038116:103.0,Eucarida_Decapoda_Pleocyemata_Caridea_Alpheoidea_Alpheidae_Alpheus_lobidens_KP276147:112.0)HTU202:64.5,(Eucarida_Decapoda_Pleocyemata_Caridea_Alpheoidea_Alpheidae_Alpheus_distinguendus_NC_014883:89.5,Eucarida_Decapoda_Pleocyemata_Caridea_Alpheoidea_Alpheidae_Alpheus_hoplocheles_NC_038068:96.5)HTU204:69.5)HTU203:157.0)HTU201:89.5)HTU205:79.0,(Eucarida_Decapoda_Pleocyemata_Achelata_Palinuroidea_Palinuridae_Panulirus_homarus_NC_016015:112.5,(Eucarida_Decapoda_Pleocyemata_Achelata_Palinuroidea_Palinuridae_Panulirus_argus_NC_039671:116.0,Eucarida_Decapoda_Pleocyemata_Achelata_Palinuroidea_Palinuridae_Panulirus_cygnus_NC_028024:126.0)HTU211:67.0)HTU212:192.0)HTU210:70.5)HTU199:89.5)HTU143:56.0)HTU142:70.0)HTU126:72.0)HTU125:73.0)HTU124:58.5)HTU123:42.0)HTU115:60.5,(Eucarida_Decapoda_Dendrobranchiata_Penaeoidea_Aristeidae_Aristeus_virilis_NC_039154:78.0,(Eucarida_Decapoda_Dendrobranchiata_Penaeoidea_Benthesicymidae_Benthonectes_filipes_NC_039171:86.5,Eucarida_Decapoda_Dendrobranchiata_Penaeoidea_Benthesicymidae_Gennadas_parvus_NC_039170:94.0)HTU118:51.0)HTU117:38.0)HTU216:40.5)HTU109[14166.0];
