(AlbanianTosk:52.5,(((OldPrussian:31.5,(AncientIonicGreek:34.5,(ArmenianWestern:33.0,KolschColognian:48.5)HTU19:24.5)HTU21:20.0)HTU18:39.5,(EasternFrisianSaterland:29.5,(Irish:24.5,Yiddish:42.5)HTU23:15.5)HTU22:21.0)HTU20:13.0,((Cornish:27.5,Manx:22.5)HTU17:25.5,(SanskritVedic:38.0,((Faroese:28.0,Icelandic:56.0)HTU27:18.5,(Danish:37.5,(Assamese:41.0,Scots:41.0)HTU26:18.5)HTU28:18.0)HTU30:21.0)HTU29:15.5)HTU25:19.5)HTU24:26.0)HTU16[782.0];
(AlbanianTosk:27.0,(((OldPrussian:37.5,(ArmenianWestern:36.5,KolschColognian:44.5)HTU19:20.5)HTU18:18.5,(EasternFrisianSaterland:27.0,(Irish:27.0,Yiddish:40.5)HTU22:16.0)HTU21:20.0)HTU20:11.5,(AncientIonicGreek:45.0,((Cornish:26.0,Manx:24.0)HTU17:20.0,(SanskritVedic:38.5,((Faroese:27.0,Icelandic:57.0)HTU27:20.0,(Danish:38.5,(Assamese:40.5,Scots:41.5)HTU25:21.0)HTU28:19.0)HTU30:22.5)HTU29:18.0)HTU24:11.5)HTU26:15.5)HTU23:26.5)HTU16[780.0];
(AlbanianTosk:67.0,(((ArmenianWestern:32.5,OldPrussian:40.5)HTU18:16.0,(EasternFrisianSaterland:27.0,(Irish:26.0,Yiddish:41.0)HTU21:18.5)HTU20:18.0)HTU19:7.5,(AncientIonicGreek:54.5,(KolschColognian:51.5,((Cornish:29.5,Manx:20.5)HTU17:23.5,(SanskritVedic:34.5,((Faroese:27.5,Icelandic:56.5)HTU27:20.0,(Danish:39.0,(Assamese:39.5,Scots:42.5)HTU24:21.0)HTU28:19.0)HTU30:23.5)HTU29:15.5)HTU23:17.5)HTU26:9.0)HTU25:17.0)HTU22:39.0)HTU16[779.0];
(AlbanianTosk:62.5,(((OldPrussian:35.0,((ArmenianWestern:31.5,KolschColognian:49.5)HTU19:33.5,(AncientIonicGreek:43.0,(Assamese:39.0,(Scots:34.0,(Danish:34.0,(Faroese:27.0,Icelandic:57.0)HTU29:21.0)HTU30:28.0)HTU28:17.5)HTU26:19.5)HTU27:17.0)HTU20:14.0)HTU21:19.5,(EasternFrisianSaterland:26.5,(Irish:24.5,Yiddish:42.5)HTU18:18.0)HTU22:22.5)HTU23:15.0,(SanskritVedic:32.5,(Cornish:32.0,Manx:18.0)HTU17:25.5)HTU24:24.5)HTU25:42.5)HTU16[775.0];
(AlbanianTosk:66.5,(AncientIonicGreek:45.0,(((ArmenianWestern:30.0,KolschColognian:51.0)HTU18:17.5,(OldPrussian:50.5,(Assamese:40.0,(Scots:36.0,(Danish:41.5,((Faroese:24.0,Icelandic:60.0)HTU26:17.5,(SanskritVedic:36.0,(Cornish:27.5,Manx:22.5)HTU29:23.5)HTU30:24.5)HTU28:16.0)HTU27:16.5)HTU25:17.5)HTU23:13.0)HTU24:17.5)HTU19:15.0,(EasternFrisianSaterland:29.5,(Irish:26.0,Yiddish:41.5)HTU17:15.0)HTU20:13.5)HTU21:16.0)HTU22:46.5)HTU16[773.0];
(AlbanianTosk:69.5,(AncientIonicGreek:43.0,((ArmenianWestern:34.0,KolschColognian:47.0)HTU24:22.0,(OldPrussian:33.5,(Assamese:43.5,(Scots:38.0,(Danish:37.0,((SanskritVedic:51.5,(Cornish:31.0,Manx:22.0)HTU17:17.5)HTU19:15.5,((Faroese:23.0,Icelandic:61.0)HTU18:15.5,(Yiddish:36.0,(EasternFrisianSaterland:36.0,Irish:28.0)HTU30:11.0)HTU28:16.0)HTU29:13.5)HTU20:13.0)HTU21:20.5)HTU22:15.0)HTU23:18.5)HTU25:18.0)HTU26:16.5)HTU27:51.0)HTU16[772.0];
(AlbanianTosk:59.0,(AncientIonicGreek:46.5,((OldPrussian:33.0,(ArmenianWestern:32.5,KolschColognian:48.5)HTU18:33.0)HTU19:15.0,((EasternFrisianSaterland:27.5,(Irish:28.0,Yiddish:39.5)HTU17:16.0)HTU20:20.0,((Faroese:25.5,Icelandic:58.5)HTU26:15.0,((Danish:40.0,(Assamese:40.5,Scots:41.5)HTU25:16.5)HTU27:13.0,(SanskritVedic:34.5,(Cornish:29.0,Manx:21.0)HTU29:23.5)HTU30:23.0)HTU28:14.5)HTU23:9.5)HTU24:13.5)HTU21:16.0)HTU22:32.5)HTU16[772.0];
(AlbanianTosk:53.0,(((OldPrussian:31.0,(AncientIonicGreek:34.0,(ArmenianWestern:33.0,KolschColognian:48.5)HTU19:25.0)HTU20:20.0)HTU21:38.0,(EasternFrisianSaterland:27.5,(Irish:24.5,Yiddish:42.5)HTU18:16.0)HTU22:20.5)HTU23:13.5,(SanskritVedic:31.0,((Cornish:29.5,Manx:20.5)HTU17:27.5,(Assamese:36.5,(Scots:35.0,(Danish:33.0,(Faroese:29.5,Icelandic:54.5)HTU29:18.5)HTU30:26.0)HTU28:20.0)HTU26:19.0)HTU27:12.5)HTU24:21.0)HTU25:29.0)HTU16[769.0];
(AlbanianTosk:76.0,((OldPrussian:28.5,(AncientIonicGreek:40.5,((ArmenianWestern:31.5,KolschColognian:53.0)HTU18:18.5,(Danish:37.5,((Assamese:40.5,Scots:41.5)HTU26:19.5,((SanskritVedic:35.0,(Cornish:29.0,Manx:21.0)HTU25:21.5)HTU28:19.5,(Faroese:23.0,Icelandic:61.0)HTU29:20.5)HTU30:16.0)HTU27:23.0)HTU23:11.0)HTU24:17.0)HTU19:13.0)HTU20:26.0,(EasternFrisianSaterland:26.5,(Irish:28.0,Yiddish:41.0)HTU17:17.5)HTU21:21.0)HTU22:60.5)HTU16[766.0];
(AlbanianTosk:76.5,(OldPrussian:30.5,(AncientIonicGreek:42.0,((ArmenianWestern:27.5,KolschColognian:57.0)HTU23:17.5,(Danish:38.0,((Assamese:42.5,Scots:39.5)HTU20:17.5,((SanskritVedic:34.5,(Cornish:28.5,Manx:21.5)HTU17:23.0)HTU18:20.5,((Faroese:19.5,Icelandic:64.5)HTU19:16.5,(EasternFrisianSaterland:28.5,(Irish:30.0,Yiddish:38.5)HTU30:12.0)HTU28:12.5)HTU29:16.5)HTU21:12.0)HTU22:20.5)HTU24:13.5)HTU25:16.5)HTU26:15.5)HTU27:60.0)HTU16[761.0];
