(AlbanianTosk:78.7,(((OldPrussian:60.8,((Icelandic:92.9,KolschColognian:25.6)HTU27:30.6,(AncientIonicGreek:42.95,(EasternFrisianSaterland:102.95,((Faroese:50.6,Scots:80.1)HTU21:55.800000000000004,(Danish:48.150000000000006,(Yiddish:114.6,(Assamese:62.6,SanskritVedic:22.8)HTU19:25.1)HTU26:36.7)HTU28:11.95)HTU24:8.8)HTU25:15.4)HTU30:38.1)HTU22:78.5)HTU17:53.2,(ArmenianWestern:56.95,Cornish:167.1)HTU20:79.1)HTU18:19.6,(Irish:192.6,Manx:148.79999999999998)HTU29:17.45)HTU23:55.7)HTU16[1192.2];
(AlbanianTosk:79.45,(Irish:192.45,((((Icelandic:92.9,KolschColognian:25.6)HTU28:30.6,(AncientIonicGreek:42.95,(EasternFrisianSaterland:102.95,((Faroese:50.6,Scots:80.1)HTU21:55.800000000000004,(Danish:48.150000000000006,(Yiddish:114.6,(Assamese:62.6,SanskritVedic:22.8)HTU19:25.1)HTU27:36.7)HTU29:11.95)HTU25:8.8)HTU26:14.9)HTU30:38.1)HTU22:76.5,(Manx:168.79999999999998,OldPrussian:53.35)HTU23:35.55)HTU17:44.7,(ArmenianWestern:46.95,Cornish:177.1)HTU20:79.6)HTU18:14.1)HTU24:49.45)HTU16[1172.7000000000003];
(AlbanianTosk:83.55,((OldPrussian:82.45,(Cornish:161.6,(ArmenianWestern:95.95,(Faroese:42.6,(Scots:79.6,((Danish:52.45,(Yiddish:115.1,(Assamese:62.6,SanskritVedic:22.8)HTU23:24.6)HTU24:31.9)HTU26:9.65,(EasternFrisianSaterland:103.25,(AncientIonicGreek:42.95,(Icelandic:93.9,KolschColognian:24.6)HTU29:59.1)HTU30:11.1)HTU28:8.6)HTU27:39.3)HTU25:39.6)HTU21:48.5)HTU22:20.9)HTU17:52.05)HTU18:25.1,(Irish:198.20000000000002,Manx:153.20000000000002)HTU19:16.6)HTU20:59.55)HTU16[1160.9000000000003];
(AlbanianTosk:74.6,(Irish:192.1,((Manx:169.20000000000002,OldPrussian:53.45)HTU18:59.7,((ArmenianWestern:46.45,Cornish:183.6)HTU17:54.1,((Faroese:50.1,Scots:80.6)HTU25:38.3,((Danish:51.95,(Yiddish:114.6,(Assamese:62.6,SanskritVedic:22.8)HTU23:25.1)HTU24:31.9)HTU26:10.649999999999999,(EasternFrisianSaterland:102.75,(AncientIonicGreek:42.95,(Icelandic:93.9,KolschColognian:24.6)HTU29:59.1)HTU30:11.6)HTU28:8.1)HTU27:32.1)HTU21:60.1)HTU22:45.45)HTU19:19.1)HTU20:48.6)HTU16[1152.7000000000003];
